[2022-08-02T22:41:18.409+0530][0.037s] Using G1
[2022-08-02T22:41:18.907+0530][0.535s] Version: 17.0.3.1+2-LTS-6 (release)
[2022-08-02T22:41:18.908+0530][0.535s] CPUs: 4 total, 4 available
[2022-08-02T22:41:18.908+0530][0.536s] Memory: 8082M
[2022-08-02T22:41:18.908+0530][0.536s] Large Page Support: Disabled
[2022-08-02T22:41:18.908+0530][0.536s] NUMA Support: Disabled
[2022-08-02T22:41:18.908+0530][0.536s] Compressed Oops: Enabled (32-bit)
[2022-08-02T22:41:18.908+0530][0.536s] Heap Region Size: 1M
[2022-08-02T22:41:18.908+0530][0.536s] Heap Min Capacity: 512M
[2022-08-02T22:41:18.908+0530][0.536s] Heap Initial Capacity: 512M
[2022-08-02T22:41:18.908+0530][0.536s] Heap Max Capacity: 512M
[2022-08-02T22:41:18.908+0530][0.536s] Pre-touch: Enabled
[2022-08-02T22:41:18.908+0530][0.536s] Parallel Workers: 4
[2022-08-02T22:41:18.908+0530][0.536s] Concurrent Workers: 1
[2022-08-02T22:41:18.908+0530][0.536s] Concurrent Refinement Workers: 4
[2022-08-02T22:41:18.908+0530][0.536s] Periodic GC: Disabled
[2022-08-02T22:41:18.910+0530][0.538s] CDS archive(s) mapped at: [0x0000000800000000-0x0000000800bc0000-0x0000000800bc0000), size 12320768, SharedBaseAddress: 0x0000000800000000, ArchiveRelocationMode: 0.
[2022-08-02T22:41:18.910+0530][0.538s] Compressed class space mapped at: 0x0000000800c00000-0x0000000840c00000, reserved size: 1073741824
[2022-08-02T22:41:18.910+0530][0.538s] Narrow klass base: 0x0000000800000000, Narrow klass shift: 0, Narrow klass range: 0x100000000
[2022-08-02T22:41:23.303+0530][4.931s] GC(0) Pause Young (Normal) (G1 Evacuation Pause)
[2022-08-02T22:41:23.304+0530][4.931s] GC(0) Using 4 workers of 4 for evacuation
[2022-08-02T22:41:23.312+0530][4.939s] GC(0)   Pre Evacuate Collection Set: 0.1ms
[2022-08-02T22:41:23.312+0530][4.939s] GC(0)   Merge Heap Roots: 0.6ms
[2022-08-02T22:41:23.312+0530][4.939s] GC(0)   Evacuate Collection Set: 4.6ms
[2022-08-02T22:41:23.312+0530][4.939s] GC(0)   Post Evacuate Collection Set: 1.4ms
[2022-08-02T22:41:23.312+0530][4.939s] GC(0)   Other: 1.7ms
[2022-08-02T22:41:23.312+0530][4.939s] GC(0) Eden regions: 25->0(26)
[2022-08-02T22:41:23.312+0530][4.939s] GC(0) Survivor regions: 0->4(4)
[2022-08-02T22:41:23.312+0530][4.940s] GC(0) Old regions: 0->1
[2022-08-02T22:41:23.312+0530][4.940s] GC(0) Archive regions: 0->0
[2022-08-02T22:41:23.312+0530][4.940s] GC(0) Humongous regions: 0->0
[2022-08-02T22:41:23.313+0530][4.940s] GC(0) Metaspace: 9410K(9536K)->9410K(9536K) NonClass: 8314K(8384K)->8314K(8384K) Class: 1095K(1152K)->1095K(1152K)
[2022-08-02T22:41:23.313+0530][4.940s] GC(0) Pause Young (Normal) (G1 Evacuation Pause) 25M->4M(512M) 9.531ms
[2022-08-02T22:41:23.313+0530][4.940s] GC(0) User=0.05s Sys=0.02s Real=0.01s
[2022-08-02T22:41:24.507+0530][6.135s] GC(1) Pause Young (Normal) (G1 Evacuation Pause)
[2022-08-02T22:41:24.507+0530][6.135s] GC(1) Using 4 workers of 4 for evacuation
[2022-08-02T22:41:24.520+0530][6.148s] GC(1)   Pre Evacuate Collection Set: 0.1ms
[2022-08-02T22:41:24.520+0530][6.148s] GC(1)   Merge Heap Roots: 0.0ms
[2022-08-02T22:41:24.520+0530][6.148s] GC(1)   Evacuate Collection Set: 12.9ms
[2022-08-02T22:41:24.521+0530][6.148s] GC(1)   Post Evacuate Collection Set: 0.5ms
[2022-08-02T22:41:24.521+0530][6.149s] GC(1)   Other: 0.2ms
[2022-08-02T22:41:24.521+0530][6.149s] GC(1) Eden regions: 25->0(32)
[2022-08-02T22:41:24.521+0530][6.149s] GC(1) Survivor regions: 4->4(4)
[2022-08-02T22:41:24.521+0530][6.149s] GC(1) Old regions: 1->10
[2022-08-02T22:41:24.521+0530][6.149s] GC(1) Archive regions: 0->0
[2022-08-02T22:41:24.521+0530][6.149s] GC(1) Humongous regions: 4->4
[2022-08-02T22:41:24.521+0530][6.149s] GC(1) Metaspace: 15222K(15424K)->15222K(15424K) NonClass: 13434K(13568K)->13434K(13568K) Class: 1788K(1856K)->1788K(1856K)
[2022-08-02T22:41:24.521+0530][6.149s] GC(1) Pause Young (Normal) (G1 Evacuation Pause) 33M->17M(512M) 14.124ms
[2022-08-02T22:41:24.521+0530][6.149s] GC(1) User=0.06s Sys=0.00s Real=0.01s
[2022-08-02T22:41:25.768+0530][7.395s] GC(2) Pause Young (Normal) (G1 Evacuation Pause)
[2022-08-02T22:41:25.768+0530][7.395s] GC(2) Using 4 workers of 4 for evacuation
[2022-08-02T22:41:25.774+0530][7.402s] GC(2)   Pre Evacuate Collection Set: 0.1ms
[2022-08-02T22:41:25.775+0530][7.402s] GC(2)   Merge Heap Roots: 0.1ms
[2022-08-02T22:41:25.775+0530][7.402s] GC(2)   Evacuate Collection Set: 5.3ms
[2022-08-02T22:41:25.775+0530][7.402s] GC(2)   Post Evacuate Collection Set: 0.8ms
[2022-08-02T22:41:25.775+0530][7.402s] GC(2)   Other: 0.3ms
[2022-08-02T22:41:25.775+0530][7.402s] GC(2) Eden regions: 32->0(70)
[2022-08-02T22:41:25.775+0530][7.402s] GC(2) Survivor regions: 4->5(5)
[2022-08-02T22:41:25.775+0530][7.402s] GC(2) Old regions: 10->15
[2022-08-02T22:41:25.775+0530][7.402s] GC(2) Archive regions: 0->0
[2022-08-02T22:41:25.775+0530][7.403s] GC(2) Humongous regions: 4->4
[2022-08-02T22:41:25.775+0530][7.403s] GC(2) Metaspace: 16430K(16704K)->16430K(16704K) NonClass: 14516K(14656K)->14516K(14656K) Class: 1914K(2048K)->1914K(2048K)
[2022-08-02T22:41:25.775+0530][7.403s] GC(2) Pause Young (Normal) (G1 Evacuation Pause) 49M->23M(512M) 7.168ms
[2022-08-02T22:41:25.775+0530][7.403s] GC(2) User=0.00s Sys=0.00s Real=0.01s
[2022-08-02T22:41:26.420+0530][8.048s] GC(3) Pause Young (Concurrent Start) (Metadata GC Threshold)
[2022-08-02T22:41:26.420+0530][8.048s] GC(3) Using 4 workers of 4 for evacuation
[2022-08-02T22:41:26.423+0530][8.051s] GC(3)   Pre Evacuate Collection Set: 0.2ms
[2022-08-02T22:41:26.423+0530][8.051s] GC(3)   Merge Heap Roots: 0.1ms
[2022-08-02T22:41:26.424+0530][8.051s] GC(3)   Evacuate Collection Set: 2.5ms
[2022-08-02T22:41:26.424+0530][8.051s] GC(3)   Post Evacuate Collection Set: 0.3ms
[2022-08-02T22:41:26.424+0530][8.051s] GC(3)   Other: 0.5ms
[2022-08-02T22:41:26.424+0530][8.051s] GC(3) Eden regions: 24->0(126)
[2022-08-02T22:41:26.424+0530][8.052s] GC(3) Survivor regions: 5->6(10)
[2022-08-02T22:41:26.424+0530][8.052s] GC(3) Old regions: 15->15
[2022-08-02T22:41:26.424+0530][8.052s] GC(3) Archive regions: 0->0
[2022-08-02T22:41:26.424+0530][8.052s] GC(3) Humongous regions: 4->4
[2022-08-02T22:41:26.424+0530][8.052s] GC(3) Metaspace: 21301K(21504K)->21301K(21504K) NonClass: 18900K(19008K)->18900K(19008K) Class: 2401K(2496K)->2401K(2496K)
[2022-08-02T22:41:26.424+0530][8.052s] GC(3) Pause Young (Concurrent Start) (Metadata GC Threshold) 47M->24M(512M) 4.094ms
[2022-08-02T22:41:26.424+0530][8.052s] GC(3) User=0.00s Sys=0.00s Real=0.00s
[2022-08-02T22:41:26.424+0530][8.052s] GC(4) Concurrent Mark Cycle
[2022-08-02T22:41:26.424+0530][8.052s] GC(4) Concurrent Clear Claimed Marks
[2022-08-02T22:41:26.424+0530][8.052s] GC(4) Concurrent Clear Claimed Marks 0.045ms
[2022-08-02T22:41:26.424+0530][8.052s] GC(4) Concurrent Scan Root Regions
[2022-08-02T22:41:26.426+0530][8.054s] GC(4) Concurrent Scan Root Regions 1.677ms
[2022-08-02T22:41:26.426+0530][8.054s] GC(4) Concurrent Mark
[2022-08-02T22:41:26.426+0530][8.054s] GC(4) Concurrent Mark From Roots
[2022-08-02T22:41:26.426+0530][8.054s] GC(4) Using 1 workers of 1 for marking
[2022-08-02T22:41:26.471+0530][8.099s] GC(4) Concurrent Mark From Roots 44.791ms
[2022-08-02T22:41:26.471+0530][8.099s] GC(4) Concurrent Preclean
[2022-08-02T22:41:26.471+0530][8.099s] GC(4) Concurrent Preclean 0.252ms
[2022-08-02T22:41:26.472+0530][8.099s] GC(4) Pause Remark
[2022-08-02T22:41:26.474+0530][8.102s] GC(4) Pause Remark 27M->27M(512M) 2.673ms
[2022-08-02T22:41:26.474+0530][8.102s] GC(4) User=0.00s Sys=0.00s Real=0.00s
[2022-08-02T22:41:26.474+0530][8.102s] GC(4) Concurrent Mark 48.205ms
[2022-08-02T22:41:26.474+0530][8.102s] GC(4) Concurrent Rebuild Remembered Sets
[2022-08-02T22:41:26.493+0530][8.121s] GC(4) Concurrent Rebuild Remembered Sets 18.516ms
[2022-08-02T22:41:26.494+0530][8.122s] GC(4) Pause Cleanup
[2022-08-02T22:41:26.494+0530][8.122s] GC(4) Pause Cleanup 28M->28M(512M) 0.162ms
[2022-08-02T22:41:26.494+0530][8.122s] GC(4) User=0.00s Sys=0.00s Real=0.00s
[2022-08-02T22:41:26.494+0530][8.122s] GC(4) Concurrent Cleanup for Next Mark
[2022-08-02T22:41:26.495+0530][8.123s] GC(4) Concurrent Cleanup for Next Mark 0.771ms
[2022-08-02T22:41:26.495+0530][8.123s] GC(4) Concurrent Mark Cycle 70.828ms
[2022-08-02T22:41:31.457+0530][13.084s] GC(5) Pause Young (Prepare Mixed) (Metadata GC Threshold)
[2022-08-02T22:41:31.457+0530][13.084s] GC(5) Using 4 workers of 4 for evacuation
[2022-08-02T22:41:31.469+0530][13.096s] GC(5)   Pre Evacuate Collection Set: 0.2ms
[2022-08-02T22:41:31.469+0530][13.096s] GC(5)   Merge Heap Roots: 0.1ms
[2022-08-02T22:41:31.469+0530][13.097s] GC(5)   Evacuate Collection Set: 11.1ms
[2022-08-02T22:41:31.469+0530][13.097s] GC(5)   Post Evacuate Collection Set: 0.6ms
[2022-08-02T22:41:31.469+0530][13.097s] GC(5)   Other: 0.4ms
[2022-08-02T22:41:31.469+0530][13.097s] GC(5) Eden regions: 99->0(11)
[2022-08-02T22:41:31.470+0530][13.097s] GC(5) Survivor regions: 6->14(18)
[2022-08-02T22:41:31.470+0530][13.097s] GC(5) Old regions: 15->15
[2022-08-02T22:41:31.470+0530][13.097s] GC(5) Archive regions: 0->0
[2022-08-02T22:41:31.470+0530][13.097s] GC(5) Humongous regions: 4->4
[2022-08-02T22:41:31.470+0530][13.097s] GC(5) Metaspace: 36446K(36736K)->36446K(36736K) NonClass: 32374K(32512K)->32374K(32512K) Class: 4072K(4224K)->4072K(4224K)
[2022-08-02T22:41:31.470+0530][13.098s] GC(5) Pause Young (Prepare Mixed) (Metadata GC Threshold) 122M->32M(512M) 13.118ms
[2022-08-02T22:41:31.470+0530][13.098s] GC(5) User=0.06s Sys=0.00s Real=0.01s
[2022-08-02T22:41:31.553+0530][13.181s] GC(6) Pause Young (Mixed) (Metadata GC Threshold)
[2022-08-02T22:41:31.553+0530][13.181s] GC(6) Using 4 workers of 4 for evacuation
[2022-08-02T22:41:31.561+0530][13.189s] GC(6)   Pre Evacuate Collection Set: 0.1ms
[2022-08-02T22:41:31.561+0530][13.189s] GC(6)   Merge Heap Roots: 0.0ms
[2022-08-02T22:41:31.561+0530][13.190s] GC(6)   Evacuate Collection Set: 7.8ms
[2022-08-02T22:41:31.561+0530][13.190s] GC(6)   Post Evacuate Collection Set: 0.5ms
[2022-08-02T22:41:31.562+0530][13.190s] GC(6)   Other: 0.4ms
[2022-08-02T22:41:31.562+0530][13.190s] GC(6) Eden regions: 3->0(305)
[2022-08-02T22:41:31.562+0530][13.190s] GC(6) Survivor regions: 14->2(4)
[2022-08-02T22:41:31.562+0530][13.190s] GC(6) Old regions: 15->28
[2022-08-02T22:41:31.562+0530][13.190s] GC(6) Archive regions: 0->0
[2022-08-02T22:41:31.562+0530][13.190s] GC(6) Humongous regions: 4->4
[2022-08-02T22:41:31.562+0530][13.190s] GC(6) Metaspace: 36729K(37056K)->36729K(37056K) NonClass: 32619K(32768K)->32619K(32768K) Class: 4109K(4288K)->4109K(4288K)
[2022-08-02T22:41:31.562+0530][13.190s] GC(6) Pause Young (Mixed) (Metadata GC Threshold) 34M->33M(512M) 9.487ms
[2022-08-02T22:41:31.562+0530][13.190s] GC(6) User=0.06s Sys=0.00s Real=0.01s
[2022-08-02T22:41:31.657+0530][13.285s] GC(7) Pause Young (Concurrent Start) (Metadata GC Threshold)
[2022-08-02T22:41:31.657+0530][13.285s] GC(7) Using 4 workers of 4 for evacuation
[2022-08-02T22:41:31.659+0530][13.287s] GC(7)   Pre Evacuate Collection Set: 0.1ms
[2022-08-02T22:41:31.659+0530][13.287s] GC(7)   Merge Heap Roots: 0.1ms
[2022-08-02T22:41:31.659+0530][13.287s] GC(7)   Evacuate Collection Set: 1.3ms
[2022-08-02T22:41:31.659+0530][13.287s] GC(7)   Post Evacuate Collection Set: 0.3ms
[2022-08-02T22:41:31.659+0530][13.287s] GC(7)   Other: 0.2ms
[2022-08-02T22:41:31.659+0530][13.287s] GC(7) Eden regions: 9->0(306)
[2022-08-02T22:41:31.659+0530][13.287s] GC(7) Survivor regions: 2->1(39)
[2022-08-02T22:41:31.659+0530][13.287s] GC(7) Old regions: 28->28
[2022-08-02T22:41:31.659+0530][13.287s] GC(7) Archive regions: 0->0
[2022-08-02T22:41:31.659+0530][13.287s] GC(7) Humongous regions: 4->4
[2022-08-02T22:41:31.659+0530][13.287s] GC(7) Metaspace: 37086K(37376K)->37086K(37376K) NonClass: 32942K(33088K)->32942K(33088K) Class: 4144K(4288K)->4144K(4288K)
[2022-08-02T22:41:31.660+0530][13.287s] GC(7) Pause Young (Concurrent Start) (Metadata GC Threshold) 41M->32M(512M) 2.646ms
[2022-08-02T22:41:31.660+0530][13.287s] GC(7) User=0.00s Sys=0.00s Real=0.00s
[2022-08-02T22:41:31.660+0530][13.288s] GC(8) Concurrent Mark Cycle
[2022-08-02T22:41:31.660+0530][13.288s] GC(8) Concurrent Clear Claimed Marks
[2022-08-02T22:41:31.660+0530][13.288s] GC(8) Concurrent Clear Claimed Marks 0.030ms
[2022-08-02T22:41:31.660+0530][13.288s] GC(8) Concurrent Scan Root Regions
[2022-08-02T22:41:31.661+0530][13.289s] GC(8) Concurrent Scan Root Regions 1.048ms
[2022-08-02T22:41:31.661+0530][13.289s] GC(8) Concurrent Mark
[2022-08-02T22:41:31.661+0530][13.289s] GC(8) Concurrent Mark From Roots
[2022-08-02T22:41:31.661+0530][13.289s] GC(8) Using 1 workers of 1 for marking
[2022-08-02T22:41:31.731+0530][13.358s] GC(8) Concurrent Mark From Roots 69.618ms
[2022-08-02T22:41:31.731+0530][13.359s] GC(8) Concurrent Preclean
[2022-08-02T22:41:31.731+0530][13.359s] GC(8) Concurrent Preclean 0.232ms
[2022-08-02T22:41:31.731+0530][13.359s] GC(8) Pause Remark
[2022-08-02T22:41:31.734+0530][13.362s] GC(8) Pause Remark 40M->40M(512M) 2.723ms
[2022-08-02T22:41:31.734+0530][13.362s] GC(8) User=0.06s Sys=0.00s Real=0.00s
[2022-08-02T22:41:31.734+0530][13.362s] GC(8) Concurrent Mark 72.966ms
[2022-08-02T22:41:31.734+0530][13.362s] GC(8) Concurrent Rebuild Remembered Sets
[2022-08-02T22:41:31.765+0530][13.393s] GC(8) Concurrent Rebuild Remembered Sets 31.107ms
[2022-08-02T22:41:31.766+0530][13.393s] GC(8) Pause Cleanup
[2022-08-02T22:41:31.766+0530][13.393s] GC(8) Pause Cleanup 40M->40M(512M) 0.205ms
[2022-08-02T22:41:31.766+0530][13.393s] GC(8) User=0.00s Sys=0.00s Real=0.00s
[2022-08-02T22:41:31.766+0530][13.394s] GC(8) Concurrent Cleanup for Next Mark
[2022-08-02T22:41:31.767+0530][13.394s] GC(8) Concurrent Cleanup for Next Mark 0.762ms
[2022-08-02T22:41:31.767+0530][13.394s] GC(8) Concurrent Mark Cycle 106.949ms
[2022-08-03T00:38:24.192+0530][7025.819s] Heap
[2022-08-03T00:38:24.192+0530][7025.820s]  garbage-first heap   total 524288K, used 333178K [0x00000000e0000000, 0x0000000100000000)
[2022-08-03T00:38:24.192+0530][7025.820s]   region size 1024K, 293 young (300032K), 1 survivors (1024K)
[2022-08-03T00:38:24.192+0530][7025.820s]  Metaspace       used 55487K, committed 55808K, reserved 1105920K
[2022-08-03T00:38:24.192+0530][7025.820s]   class space    used 6393K, committed 6528K, reserved 1048576K
