[2022-08-13T21:15:04.282+0530][0.035s] Using G1
[2022-08-13T21:15:04.747+0530][0.500s] Version: 17.0.3.1+2-LTS-6 (release)
[2022-08-13T21:15:04.747+0530][0.501s] CPUs: 4 total, 4 available
[2022-08-13T21:15:04.747+0530][0.501s] Memory: 8082M
[2022-08-13T21:15:04.748+0530][0.501s] Large Page Support: Disabled
[2022-08-13T21:15:04.748+0530][0.501s] NUMA Support: Disabled
[2022-08-13T21:15:04.748+0530][0.501s] Compressed Oops: Enabled (32-bit)
[2022-08-13T21:15:04.748+0530][0.501s] Heap Region Size: 1M
[2022-08-13T21:15:04.748+0530][0.501s] Heap Min Capacity: 512M
[2022-08-13T21:15:04.748+0530][0.501s] Heap Initial Capacity: 512M
[2022-08-13T21:15:04.748+0530][0.501s] Heap Max Capacity: 512M
[2022-08-13T21:15:04.748+0530][0.502s] Pre-touch: Enabled
[2022-08-13T21:15:04.749+0530][0.502s] Parallel Workers: 4
[2022-08-13T21:15:04.749+0530][0.502s] Concurrent Workers: 1
[2022-08-13T21:15:04.749+0530][0.502s] Concurrent Refinement Workers: 4
[2022-08-13T21:15:04.749+0530][0.502s] Periodic GC: Disabled
[2022-08-13T21:15:04.751+0530][0.504s] CDS archive(s) mapped at: [0x0000000800000000-0x0000000800bc0000-0x0000000800bc0000), size 12320768, SharedBaseAddress: 0x0000000800000000, ArchiveRelocationMode: 0.
[2022-08-13T21:15:04.751+0530][0.504s] Compressed class space mapped at: 0x0000000800c00000-0x0000000840c00000, reserved size: 1073741824
[2022-08-13T21:15:04.751+0530][0.504s] Narrow klass base: 0x0000000800000000, Narrow klass shift: 0, Narrow klass range: 0x100000000
[2022-08-13T21:15:06.836+0530][2.590s] GC(0) Pause Young (Normal) (G1 Evacuation Pause)
[2022-08-13T21:15:06.836+0530][2.590s] GC(0) Using 4 workers of 4 for evacuation
[2022-08-13T21:15:06.844+0530][2.597s] GC(0)   Pre Evacuate Collection Set: 0.3ms
[2022-08-13T21:15:06.844+0530][2.597s] GC(0)   Merge Heap Roots: 0.1ms
[2022-08-13T21:15:06.844+0530][2.598s] GC(0)   Evacuate Collection Set: 6.1ms
[2022-08-13T21:15:06.844+0530][2.598s] GC(0)   Post Evacuate Collection Set: 0.6ms
[2022-08-13T21:15:06.844+0530][2.598s] GC(0)   Other: 0.7ms
[2022-08-13T21:15:06.844+0530][2.598s] GC(0) Eden regions: 25->0(26)
[2022-08-13T21:15:06.844+0530][2.598s] GC(0) Survivor regions: 0->4(4)
[2022-08-13T21:15:06.845+0530][2.598s] GC(0) Old regions: 0->1
[2022-08-13T21:15:06.845+0530][2.598s] GC(0) Archive regions: 0->0
[2022-08-13T21:15:06.845+0530][2.598s] GC(0) Humongous regions: 0->0
[2022-08-13T21:15:06.845+0530][2.598s] GC(0) Metaspace: 9249K(9472K)->9249K(9472K) NonClass: 8168K(8320K)->8168K(8320K) Class: 1080K(1152K)->1080K(1152K)
[2022-08-13T21:15:06.845+0530][2.599s] GC(0) Pause Young (Normal) (G1 Evacuation Pause) 25M->4M(512M) 8.896ms
[2022-08-13T21:15:06.845+0530][2.599s] GC(0) User=0.03s Sys=0.00s Real=0.01s
[2022-08-13T21:15:08.182+0530][3.936s] GC(1) Pause Young (Normal) (G1 Evacuation Pause)
[2022-08-13T21:15:08.182+0530][3.936s] GC(1) Using 4 workers of 4 for evacuation
[2022-08-13T21:15:08.196+0530][3.950s] GC(1)   Pre Evacuate Collection Set: 0.1ms
[2022-08-13T21:15:08.196+0530][3.950s] GC(1)   Merge Heap Roots: 0.1ms
[2022-08-13T21:15:08.196+0530][3.950s] GC(1)   Evacuate Collection Set: 13.1ms
[2022-08-13T21:15:08.196+0530][3.951s] GC(1)   Post Evacuate Collection Set: 0.7ms
[2022-08-13T21:15:08.196+0530][3.951s] GC(1)   Other: 0.2ms
[2022-08-13T21:15:08.196+0530][3.951s] GC(1) Eden regions: 24->0(31)
[2022-08-13T21:15:08.196+0530][3.951s] GC(1) Survivor regions: 4->4(4)
[2022-08-13T21:15:08.197+0530][3.951s] GC(1) Old regions: 1->9
[2022-08-13T21:15:08.197+0530][3.951s] GC(1) Archive regions: 0->0
[2022-08-13T21:15:08.197+0530][3.951s] GC(1) Humongous regions: 4->4
[2022-08-13T21:15:08.197+0530][3.951s] GC(1) Metaspace: 14865K(15104K)->14865K(15104K) NonClass: 13123K(13248K)->13123K(13248K) Class: 1742K(1856K)->1742K(1856K)
[2022-08-13T21:15:08.197+0530][3.951s] GC(1) Pause Young (Normal) (G1 Evacuation Pause) 32M->16M(512M) 14.720ms
[2022-08-13T21:15:08.197+0530][3.951s] GC(1) User=0.06s Sys=0.00s Real=0.02s
[2022-08-13T21:15:08.968+0530][4.722s] GC(2) Pause Young (Normal) (G1 Evacuation Pause)
[2022-08-13T21:15:08.968+0530][4.722s] GC(2) Using 4 workers of 4 for evacuation
[2022-08-13T21:15:08.974+0530][4.728s] GC(2)   Pre Evacuate Collection Set: 0.1ms
[2022-08-13T21:15:08.974+0530][4.728s] GC(2)   Merge Heap Roots: 0.1ms
[2022-08-13T21:15:08.974+0530][4.728s] GC(2)   Evacuate Collection Set: 4.9ms
[2022-08-13T21:15:08.974+0530][4.728s] GC(2)   Post Evacuate Collection Set: 0.6ms
[2022-08-13T21:15:08.974+0530][4.728s] GC(2)   Other: 0.3ms
[2022-08-13T21:15:08.974+0530][4.728s] GC(2) Eden regions: 31->0(93)
[2022-08-13T21:15:08.974+0530][4.728s] GC(2) Survivor regions: 4->5(5)
[2022-08-13T21:15:08.974+0530][4.728s] GC(2) Old regions: 9->15
[2022-08-13T21:15:08.974+0530][4.728s] GC(2) Archive regions: 0->0
[2022-08-13T21:15:08.974+0530][4.728s] GC(2) Humongous regions: 4->4
[2022-08-13T21:15:08.975+0530][4.729s] GC(2) Metaspace: 15905K(16192K)->15905K(16192K) NonClass: 14055K(14208K)->14055K(14208K) Class: 1850K(1984K)->1850K(1984K)
[2022-08-13T21:15:08.975+0530][4.729s] GC(2) Pause Young (Normal) (G1 Evacuation Pause) 47M->23M(512M) 6.708ms
[2022-08-13T21:15:08.975+0530][4.729s] GC(2) User=0.00s Sys=0.00s Real=0.01s
[2022-08-13T21:15:09.510+0530][5.264s] GC(3) Pause Young (Concurrent Start) (Metadata GC Threshold)
[2022-08-13T21:15:09.510+0530][5.264s] GC(3) Using 4 workers of 4 for evacuation
[2022-08-13T21:15:09.514+0530][5.267s] GC(3)   Pre Evacuate Collection Set: 0.1ms
[2022-08-13T21:15:09.514+0530][5.267s] GC(3)   Merge Heap Roots: 0.0ms
[2022-08-13T21:15:09.514+0530][5.267s] GC(3)   Evacuate Collection Set: 2.9ms
[2022-08-13T21:15:09.514+0530][5.267s] GC(3)   Post Evacuate Collection Set: 0.4ms
[2022-08-13T21:15:09.514+0530][5.267s] GC(3)   Other: 0.2ms
[2022-08-13T21:15:09.514+0530][5.267s] GC(3) Eden regions: 27->0(161)
[2022-08-13T21:15:09.514+0530][5.267s] GC(3) Survivor regions: 5->6(13)
[2022-08-13T21:15:09.514+0530][5.267s] GC(3) Old regions: 15->15
[2022-08-13T21:15:09.514+0530][5.267s] GC(3) Archive regions: 0->0
[2022-08-13T21:15:09.514+0530][5.267s] GC(3) Humongous regions: 4->4
[2022-08-13T21:15:09.514+0530][5.267s] GC(3) Metaspace: 21345K(21504K)->21345K(21504K) NonClass: 18935K(19008K)->18935K(19008K) Class: 2410K(2496K)->2410K(2496K)
[2022-08-13T21:15:09.514+0530][5.267s] GC(3) Pause Young (Concurrent Start) (Metadata GC Threshold) 50M->24M(512M) 3.955ms
[2022-08-13T21:15:09.514+0530][5.267s] GC(3) User=0.06s Sys=0.00s Real=0.00s
[2022-08-13T21:15:09.514+0530][5.268s] GC(4) Concurrent Mark Cycle
[2022-08-13T21:15:09.514+0530][5.268s] GC(4) Concurrent Clear Claimed Marks
[2022-08-13T21:15:09.514+0530][5.268s] GC(4) Concurrent Clear Claimed Marks 0.034ms
[2022-08-13T21:15:09.514+0530][5.268s] GC(4) Concurrent Scan Root Regions
[2022-08-13T21:15:09.515+0530][5.269s] GC(4) Concurrent Scan Root Regions 1.311ms
[2022-08-13T21:15:09.515+0530][5.269s] GC(4) Concurrent Mark
[2022-08-13T21:15:09.516+0530][5.269s] GC(4) Concurrent Mark From Roots
[2022-08-13T21:15:09.516+0530][5.269s] GC(4) Using 1 workers of 1 for marking
[2022-08-13T21:15:09.560+0530][5.313s] GC(4) Concurrent Mark From Roots 43.933ms
[2022-08-13T21:15:09.560+0530][5.313s] GC(4) Concurrent Preclean
[2022-08-13T21:15:09.560+0530][5.313s] GC(4) Concurrent Preclean 0.380ms
[2022-08-13T21:15:09.560+0530][5.314s] GC(4) Pause Remark
[2022-08-13T21:15:09.563+0530][5.316s] GC(4) Pause Remark 27M->27M(512M) 2.633ms
[2022-08-13T21:15:09.563+0530][5.316s] GC(4) User=0.00s Sys=0.00s Real=0.00s
[2022-08-13T21:15:09.563+0530][5.317s] GC(4) Concurrent Mark 47.537ms
[2022-08-13T21:15:09.563+0530][5.317s] GC(4) Concurrent Rebuild Remembered Sets
[2022-08-13T21:15:09.588+0530][5.341s] GC(4) Concurrent Rebuild Remembered Sets 24.373ms
[2022-08-13T21:15:09.588+0530][5.341s] GC(4) Pause Cleanup
[2022-08-13T21:15:09.588+0530][5.342s] GC(4) Pause Cleanup 28M->28M(512M) 0.279ms
[2022-08-13T21:15:09.588+0530][5.342s] GC(4) User=0.00s Sys=0.00s Real=0.00s
[2022-08-13T21:15:09.589+0530][5.342s] GC(4) Concurrent Cleanup for Next Mark
[2022-08-13T21:15:09.589+0530][5.343s] GC(4) Concurrent Cleanup for Next Mark 0.713ms
[2022-08-13T21:15:09.589+0530][5.343s] GC(4) Concurrent Mark Cycle 75.131ms
[2022-08-13T21:15:12.547+0530][8.300s] GC(5) Pause Young (Concurrent Start) (Metadata GC Threshold)
[2022-08-13T21:15:12.547+0530][8.300s] GC(5) Using 4 workers of 4 for evacuation
[2022-08-13T21:15:12.558+0530][8.311s] GC(5)   Pre Evacuate Collection Set: 0.1ms
[2022-08-13T21:15:12.558+0530][8.311s] GC(5)   Merge Heap Roots: 0.2ms
[2022-08-13T21:15:12.558+0530][8.311s] GC(5)   Evacuate Collection Set: 9.7ms
[2022-08-13T21:15:12.558+0530][8.311s] GC(5)   Post Evacuate Collection Set: 0.7ms
[2022-08-13T21:15:12.558+0530][8.311s] GC(5)   Other: 0.4ms
[2022-08-13T21:15:12.558+0530][8.311s] GC(5) Eden regions: 93->0(293)
[2022-08-13T21:15:12.558+0530][8.311s] GC(5) Survivor regions: 6->14(24)
[2022-08-13T21:15:12.558+0530][8.311s] GC(5) Old regions: 15->15
[2022-08-13T21:15:12.558+0530][8.311s] GC(5) Archive regions: 0->0
[2022-08-13T21:15:12.558+0530][8.312s] GC(5) Humongous regions: 4->4
[2022-08-13T21:15:12.558+0530][8.312s] GC(5) Metaspace: 36341K(36608K)->36341K(36608K) NonClass: 32270K(32448K)->32270K(32448K) Class: 4070K(4160K)->4070K(4160K)
[2022-08-13T21:15:12.558+0530][8.312s] GC(5) Pause Young (Concurrent Start) (Metadata GC Threshold) 117M->32M(512M) 11.598ms
[2022-08-13T21:15:12.558+0530][8.312s] GC(5) User=0.03s Sys=0.00s Real=0.01s
[2022-08-13T21:15:12.558+0530][8.312s] GC(6) Concurrent Mark Cycle
[2022-08-13T21:15:12.558+0530][8.312s] GC(6) Concurrent Clear Claimed Marks
[2022-08-13T21:15:12.558+0530][8.312s] GC(6) Concurrent Clear Claimed Marks 0.044ms
[2022-08-13T21:15:12.559+0530][8.312s] GC(6) Concurrent Scan Root Regions
[2022-08-13T21:15:12.568+0530][8.321s] GC(6) Concurrent Scan Root Regions 8.992ms
[2022-08-13T21:15:12.568+0530][8.321s] GC(6) Concurrent Mark
[2022-08-13T21:15:12.568+0530][8.321s] GC(6) Concurrent Mark From Roots
[2022-08-13T21:15:12.568+0530][8.321s] GC(6) Using 1 workers of 1 for marking
[2022-08-13T21:15:12.616+0530][8.369s] GC(6) Concurrent Mark From Roots 47.874ms
[2022-08-13T21:15:12.616+0530][8.369s] GC(6) Concurrent Preclean
[2022-08-13T21:15:12.616+0530][8.369s] GC(6) Concurrent Preclean 0.310ms
[2022-08-13T21:15:12.616+0530][8.370s] GC(6) Pause Remark
[2022-08-13T21:15:12.620+0530][8.373s] GC(6) Pause Remark 34M->34M(512M) 3.374ms
[2022-08-13T21:15:12.620+0530][8.373s] GC(6) User=0.00s Sys=0.00s Real=0.00s
[2022-08-13T21:15:12.620+0530][8.373s] GC(6) Concurrent Mark 52.213ms
[2022-08-13T21:15:12.620+0530][8.373s] GC(6) Concurrent Rebuild Remembered Sets
[2022-08-13T21:15:12.640+0530][8.394s] GC(6) Concurrent Rebuild Remembered Sets 21.143ms
[2022-08-13T21:15:12.640+0530][8.395s] GC(6) Pause Cleanup
[2022-08-13T21:15:12.641+0530][8.395s] GC(6) Pause Cleanup 34M->34M(512M) 0.151ms
[2022-08-13T21:15:12.641+0530][8.395s] GC(6) User=0.00s Sys=0.00s Real=0.00s
[2022-08-13T21:15:12.641+0530][8.395s] GC(6) Concurrent Cleanup for Next Mark
[2022-08-13T21:15:12.642+0530][8.396s] GC(6) Concurrent Cleanup for Next Mark 0.849ms
[2022-08-13T21:15:12.642+0530][8.396s] GC(6) Concurrent Mark Cycle 84.214ms
[2022-08-13T21:18:11.860+0530][187.614s] Heap
[2022-08-13T21:18:11.860+0530][187.614s]  garbage-first heap   total 524288K, used 189753K [0x00000000e0000000, 0x0000000100000000)
[2022-08-13T21:18:11.861+0530][187.614s]   region size 1024K, 166 young (169984K), 14 survivors (14336K)
[2022-08-13T21:18:11.861+0530][187.614s]  Metaspace       used 53905K, committed 54144K, reserved 1097728K
[2022-08-13T21:18:11.861+0530][187.614s]   class space    used 6355K, committed 6464K, reserved 1048576K
