[2022-07-23T13:13:14.520+0530][0.030s] Using G1
[2022-07-23T13:13:14.983+0530][0.493s] Version: 17.0.3.1+2-LTS-6 (release)
[2022-07-23T13:13:14.983+0530][0.493s] CPUs: 4 total, 4 available
[2022-07-23T13:13:14.983+0530][0.493s] Memory: 8082M
[2022-07-23T13:13:14.983+0530][0.493s] Large Page Support: Disabled
[2022-07-23T13:13:14.983+0530][0.493s] NUMA Support: Disabled
[2022-07-23T13:13:14.983+0530][0.493s] Compressed Oops: Enabled (32-bit)
[2022-07-23T13:13:14.983+0530][0.493s] Heap Region Size: 1M
[2022-07-23T13:13:14.983+0530][0.494s] Heap Min Capacity: 512M
[2022-07-23T13:13:14.983+0530][0.494s] Heap Initial Capacity: 512M
[2022-07-23T13:13:14.983+0530][0.494s] Heap Max Capacity: 512M
[2022-07-23T13:13:14.983+0530][0.494s] Pre-touch: Enabled
[2022-07-23T13:13:14.984+0530][0.494s] Parallel Workers: 4
[2022-07-23T13:13:14.984+0530][0.494s] Concurrent Workers: 1
[2022-07-23T13:13:14.984+0530][0.494s] Concurrent Refinement Workers: 4
[2022-07-23T13:13:14.984+0530][0.494s] Periodic GC: Disabled
[2022-07-23T13:13:14.986+0530][0.496s] CDS archive(s) mapped at: [0x0000000800000000-0x0000000800bc0000-0x0000000800bc0000), size 12320768, SharedBaseAddress: 0x0000000800000000, ArchiveRelocationMode: 0.
[2022-07-23T13:13:14.986+0530][0.496s] Compressed class space mapped at: 0x0000000800c00000-0x0000000840c00000, reserved size: 1073741824
[2022-07-23T13:13:14.986+0530][0.496s] Narrow klass base: 0x0000000800000000, Narrow klass shift: 0, Narrow klass range: 0x100000000
[2022-07-23T13:13:16.755+0530][2.265s] GC(0) Pause Young (Normal) (G1 Evacuation Pause)
[2022-07-23T13:13:16.755+0530][2.266s] GC(0) Using 4 workers of 4 for evacuation
[2022-07-23T13:13:16.764+0530][2.275s] GC(0)   Pre Evacuate Collection Set: 0.1ms
[2022-07-23T13:13:16.764+0530][2.275s] GC(0)   Merge Heap Roots: 0.1ms
[2022-07-23T13:13:16.765+0530][2.275s] GC(0)   Evacuate Collection Set: 8.7ms
[2022-07-23T13:13:16.765+0530][2.275s] GC(0)   Post Evacuate Collection Set: 0.5ms
[2022-07-23T13:13:16.765+0530][2.275s] GC(0)   Other: 0.5ms
[2022-07-23T13:13:16.765+0530][2.275s] GC(0) Eden regions: 25->0(27)
[2022-07-23T13:13:16.765+0530][2.275s] GC(0) Survivor regions: 0->4(4)
[2022-07-23T13:13:16.765+0530][2.275s] GC(0) Old regions: 0->1
[2022-07-23T13:13:16.765+0530][2.275s] GC(0) Archive regions: 0->0
[2022-07-23T13:13:16.765+0530][2.276s] GC(0) Humongous regions: 0->0
[2022-07-23T13:13:16.765+0530][2.276s] GC(0) Metaspace: 9248K(9472K)->9248K(9472K) NonClass: 8170K(8320K)->8170K(8320K) Class: 1078K(1152K)->1078K(1152K)
[2022-07-23T13:13:16.765+0530][2.276s] GC(0) Pause Young (Normal) (G1 Evacuation Pause) 25M->4M(512M) 10.255ms
[2022-07-23T13:13:16.765+0530][2.276s] GC(0) User=0.05s Sys=0.00s Real=0.01s
[2022-07-23T13:13:17.641+0530][3.151s] GC(1) Pause Young (Normal) (G1 Evacuation Pause)
[2022-07-23T13:13:17.641+0530][3.151s] GC(1) Using 4 workers of 4 for evacuation
[2022-07-23T13:13:17.655+0530][3.165s] GC(1)   Pre Evacuate Collection Set: 0.1ms
[2022-07-23T13:13:17.655+0530][3.165s] GC(1)   Merge Heap Roots: 0.1ms
[2022-07-23T13:13:17.655+0530][3.165s] GC(1)   Evacuate Collection Set: 12.9ms
[2022-07-23T13:13:17.655+0530][3.165s] GC(1)   Post Evacuate Collection Set: 0.7ms
[2022-07-23T13:13:17.655+0530][3.165s] GC(1)   Other: 0.5ms
[2022-07-23T13:13:17.655+0530][3.166s] GC(1) Eden regions: 24->0(31)
[2022-07-23T13:13:17.655+0530][3.166s] GC(1) Survivor regions: 4->4(4)
[2022-07-23T13:13:17.655+0530][3.166s] GC(1) Old regions: 1->10
[2022-07-23T13:13:17.655+0530][3.166s] GC(1) Archive regions: 0->0
[2022-07-23T13:13:17.655+0530][3.166s] GC(1) Humongous regions: 4->4
[2022-07-23T13:13:17.655+0530][3.166s] GC(1) Metaspace: 14857K(15104K)->14857K(15104K) NonClass: 13113K(13248K)->13113K(13248K) Class: 1743K(1856K)->1743K(1856K)
[2022-07-23T13:13:17.655+0530][3.166s] GC(1) Pause Young (Normal) (G1 Evacuation Pause) 32M->17M(512M) 14.493ms
[2022-07-23T13:13:17.656+0530][3.166s] GC(1) User=0.06s Sys=0.00s Real=0.01s
[2022-07-23T13:13:18.394+0530][3.904s] GC(2) Pause Young (Normal) (G1 Evacuation Pause)
[2022-07-23T13:13:18.394+0530][3.904s] GC(2) Using 4 workers of 4 for evacuation
[2022-07-23T13:13:18.401+0530][3.911s] GC(2)   Pre Evacuate Collection Set: 0.1ms
[2022-07-23T13:13:18.401+0530][3.911s] GC(2)   Merge Heap Roots: 0.0ms
[2022-07-23T13:13:18.401+0530][3.911s] GC(2)   Evacuate Collection Set: 6.0ms
[2022-07-23T13:13:18.401+0530][3.911s] GC(2)   Post Evacuate Collection Set: 0.8ms
[2022-07-23T13:13:18.401+0530][3.911s] GC(2)   Other: 0.3ms
[2022-07-23T13:13:18.401+0530][3.911s] GC(2) Eden regions: 31->0(85)
[2022-07-23T13:13:18.401+0530][3.911s] GC(2) Survivor regions: 4->5(5)
[2022-07-23T13:13:18.401+0530][3.911s] GC(2) Old regions: 10->15
[2022-07-23T13:13:18.401+0530][3.911s] GC(2) Archive regions: 0->0
[2022-07-23T13:13:18.401+0530][3.911s] GC(2) Humongous regions: 4->4
[2022-07-23T13:13:18.401+0530][3.911s] GC(2) Metaspace: 15834K(16128K)->15834K(16128K) NonClass: 13993K(14144K)->13993K(14144K) Class: 1840K(1984K)->1840K(1984K)
[2022-07-23T13:13:18.401+0530][3.912s] GC(2) Pause Young (Normal) (G1 Evacuation Pause) 48M->23M(512M) 7.510ms
[2022-07-23T13:13:18.401+0530][3.912s] GC(2) User=0.00s Sys=0.00s Real=0.01s
[2022-07-23T13:13:19.010+0530][4.521s] GC(3) Pause Young (Concurrent Start) (Metadata GC Threshold)
[2022-07-23T13:13:19.010+0530][4.521s] GC(3) Using 4 workers of 4 for evacuation
[2022-07-23T13:13:19.014+0530][4.524s] GC(3)   Pre Evacuate Collection Set: 0.1ms
[2022-07-23T13:13:19.014+0530][4.524s] GC(3)   Merge Heap Roots: 0.0ms
[2022-07-23T13:13:19.014+0530][4.525s] GC(3)   Evacuate Collection Set: 2.8ms
[2022-07-23T13:13:19.014+0530][4.525s] GC(3)   Post Evacuate Collection Set: 0.5ms
[2022-07-23T13:13:19.014+0530][4.525s] GC(3)   Other: 0.2ms
[2022-07-23T13:13:19.014+0530][4.525s] GC(3) Eden regions: 26->0(146)
[2022-07-23T13:13:19.014+0530][4.525s] GC(3) Survivor regions: 5->6(12)
[2022-07-23T13:13:19.014+0530][4.525s] GC(3) Old regions: 15->15
[2022-07-23T13:13:19.014+0530][4.525s] GC(3) Archive regions: 0->0
[2022-07-23T13:13:19.014+0530][4.525s] GC(3) Humongous regions: 4->4
[2022-07-23T13:13:19.015+0530][4.525s] GC(3) Metaspace: 21328K(21504K)->21328K(21504K) NonClass: 18918K(19008K)->18918K(19008K) Class: 2409K(2496K)->2409K(2496K)
[2022-07-23T13:13:19.015+0530][4.526s] GC(3) Pause Young (Concurrent Start) (Metadata GC Threshold) 49M->24M(512M) 4.705ms
[2022-07-23T13:13:19.015+0530][4.526s] GC(3) User=0.06s Sys=0.00s Real=0.01s
[2022-07-23T13:13:19.015+0530][4.526s] GC(4) Concurrent Mark Cycle
[2022-07-23T13:13:19.015+0530][4.526s] GC(4) Concurrent Clear Claimed Marks
[2022-07-23T13:13:19.015+0530][4.526s] GC(4) Concurrent Clear Claimed Marks 0.029ms
[2022-07-23T13:13:19.015+0530][4.526s] GC(4) Concurrent Scan Root Regions
[2022-07-23T13:13:19.017+0530][4.528s] GC(4) Concurrent Scan Root Regions 1.736ms
[2022-07-23T13:13:19.017+0530][4.528s] GC(4) Concurrent Mark
[2022-07-23T13:13:19.017+0530][4.528s] GC(4) Concurrent Mark From Roots
[2022-07-23T13:13:19.017+0530][4.528s] GC(4) Using 1 workers of 1 for marking
[2022-07-23T13:13:19.060+0530][4.571s] GC(4) Concurrent Mark From Roots 43.026ms
[2022-07-23T13:13:19.060+0530][4.571s] GC(4) Concurrent Preclean
[2022-07-23T13:13:19.061+0530][4.571s] GC(4) Concurrent Preclean 0.228ms
[2022-07-23T13:13:19.061+0530][4.571s] GC(4) Pause Remark
[2022-07-23T13:13:19.063+0530][4.574s] GC(4) Pause Remark 28M->27M(512M) 2.605ms
[2022-07-23T13:13:19.063+0530][4.574s] GC(4) User=0.00s Sys=0.00s Real=0.00s
[2022-07-23T13:13:19.063+0530][4.574s] GC(4) Concurrent Mark 46.289ms
[2022-07-23T13:13:19.063+0530][4.574s] GC(4) Concurrent Rebuild Remembered Sets
[2022-07-23T13:13:19.063+0530][4.574s] GC(4) Concurrent Rebuild Remembered Sets 0.026ms
[2022-07-23T13:13:19.064+0530][4.574s] GC(4) Pause Cleanup
[2022-07-23T13:13:19.064+0530][4.574s] GC(4) Pause Cleanup 27M->27M(512M) 0.043ms
[2022-07-23T13:13:19.064+0530][4.574s] GC(4) User=0.00s Sys=0.00s Real=0.00s
[2022-07-23T13:13:19.064+0530][4.574s] GC(4) Concurrent Cleanup for Next Mark
[2022-07-23T13:13:19.065+0530][4.575s] GC(4) Concurrent Cleanup for Next Mark 0.667ms
[2022-07-23T13:13:19.065+0530][4.575s] GC(4) Concurrent Mark Cycle 49.417ms
[2022-07-23T13:13:22.167+0530][7.678s] GC(5) Pause Young (Concurrent Start) (Metadata GC Threshold)
[2022-07-23T13:13:22.167+0530][7.678s] GC(5) Using 4 workers of 4 for evacuation
[2022-07-23T13:13:22.179+0530][7.689s] GC(5)   Pre Evacuate Collection Set: 0.1ms
[2022-07-23T13:13:22.179+0530][7.689s] GC(5)   Merge Heap Roots: 0.1ms
[2022-07-23T13:13:22.179+0530][7.689s] GC(5)   Evacuate Collection Set: 9.8ms
[2022-07-23T13:13:22.179+0530][7.689s] GC(5)   Post Evacuate Collection Set: 0.9ms
[2022-07-23T13:13:22.179+0530][7.689s] GC(5)   Other: 0.3ms
[2022-07-23T13:13:22.179+0530][7.689s] GC(5) Eden regions: 106->0(292)
[2022-07-23T13:13:22.179+0530][7.689s] GC(5) Survivor regions: 6->15(19)
[2022-07-23T13:13:22.179+0530][7.689s] GC(5) Old regions: 14->14
[2022-07-23T13:13:22.179+0530][7.689s] GC(5) Archive regions: 0->0
[2022-07-23T13:13:22.179+0530][7.689s] GC(5) Humongous regions: 4->4
[2022-07-23T13:13:22.179+0530][7.689s] GC(5) Metaspace: 36665K(36928K)->36665K(36928K) NonClass: 32553K(32704K)->32553K(32704K) Class: 4111K(4224K)->4111K(4224K)
[2022-07-23T13:13:22.179+0530][7.689s] GC(5) Pause Young (Concurrent Start) (Metadata GC Threshold) 129M->32M(512M) 11.463ms
[2022-07-23T13:13:22.179+0530][7.689s] GC(5) User=0.05s Sys=0.00s Real=0.01s
[2022-07-23T13:13:22.179+0530][7.689s] GC(6) Concurrent Mark Cycle
[2022-07-23T13:13:22.179+0530][7.689s] GC(6) Concurrent Clear Claimed Marks
[2022-07-23T13:13:22.179+0530][7.689s] GC(6) Concurrent Clear Claimed Marks 0.049ms
[2022-07-23T13:13:22.179+0530][7.689s] GC(6) Concurrent Scan Root Regions
[2022-07-23T13:13:22.188+0530][7.699s] GC(6) Concurrent Scan Root Regions 9.280ms
[2022-07-23T13:13:22.189+0530][7.699s] GC(6) Concurrent Mark
[2022-07-23T13:13:22.189+0530][7.699s] GC(6) Concurrent Mark From Roots
[2022-07-23T13:13:22.189+0530][7.699s] GC(6) Using 1 workers of 1 for marking
[2022-07-23T13:13:22.231+0530][7.741s] GC(6) Concurrent Mark From Roots 41.923ms
[2022-07-23T13:13:22.231+0530][7.741s] GC(6) Concurrent Preclean
[2022-07-23T13:13:22.231+0530][7.741s] GC(6) Concurrent Preclean 0.191ms
[2022-07-23T13:13:22.232+0530][7.742s] GC(6) Pause Remark
[2022-07-23T13:13:22.235+0530][7.745s] GC(6) Pause Remark 39M->39M(512M) 2.869ms
[2022-07-23T13:13:22.235+0530][7.745s] GC(6) User=0.00s Sys=0.00s Real=0.00s
[2022-07-23T13:13:22.235+0530][7.745s] GC(6) Concurrent Mark 46.391ms
[2022-07-23T13:13:22.235+0530][7.745s] GC(6) Concurrent Rebuild Remembered Sets
[2022-07-23T13:13:22.235+0530][7.745s] GC(6) Concurrent Rebuild Remembered Sets 0.027ms
[2022-07-23T13:13:22.236+0530][7.746s] GC(6) Pause Cleanup
[2022-07-23T13:13:22.236+0530][7.746s] GC(6) Pause Cleanup 39M->39M(512M) 0.040ms
[2022-07-23T13:13:22.236+0530][7.746s] GC(6) User=0.00s Sys=0.00s Real=0.00s
[2022-07-23T13:13:22.236+0530][7.746s] GC(6) Concurrent Cleanup for Next Mark
[2022-07-23T13:13:22.237+0530][7.747s] GC(6) Concurrent Cleanup for Next Mark 0.822ms
[2022-07-23T13:13:22.237+0530][7.747s] GC(6) Concurrent Mark Cycle 57.733ms
[2022-07-23T13:14:06.531+0530][52.042s] Heap
[2022-07-23T13:14:06.531+0530][52.042s]  garbage-first heap   total 524288K, used 182507K [0x00000000e0000000, 0x0000000100000000)
[2022-07-23T13:14:06.531+0530][52.042s]   region size 1024K, 160 young (163840K), 15 survivors (15360K)
[2022-07-23T13:14:06.531+0530][52.042s]  Metaspace       used 52642K, committed 52928K, reserved 1097728K
[2022-07-23T13:14:06.531+0530][52.042s]   class space    used 6202K, committed 6336K, reserved 1048576K
