[2022-08-14T00:09:05.515+0530][0.028s] Using G1
[2022-08-14T00:09:05.941+0530][0.454s] Version: 17.0.3.1+2-LTS-6 (release)
[2022-08-14T00:09:05.941+0530][0.454s] CPUs: 4 total, 4 available
[2022-08-14T00:09:05.941+0530][0.454s] Memory: 8082M
[2022-08-14T00:09:05.941+0530][0.454s] Large Page Support: Disabled
[2022-08-14T00:09:05.942+0530][0.454s] NUMA Support: Disabled
[2022-08-14T00:09:05.942+0530][0.454s] Compressed Oops: Enabled (32-bit)
[2022-08-14T00:09:05.942+0530][0.454s] Heap Region Size: 1M
[2022-08-14T00:09:05.942+0530][0.454s] Heap Min Capacity: 512M
[2022-08-14T00:09:05.942+0530][0.454s] Heap Initial Capacity: 512M
[2022-08-14T00:09:05.942+0530][0.454s] Heap Max Capacity: 512M
[2022-08-14T00:09:05.942+0530][0.454s] Pre-touch: Enabled
[2022-08-14T00:09:05.942+0530][0.455s] Parallel Workers: 4
[2022-08-14T00:09:05.942+0530][0.455s] Concurrent Workers: 1
[2022-08-14T00:09:05.942+0530][0.455s] Concurrent Refinement Workers: 4
[2022-08-14T00:09:05.942+0530][0.455s] Periodic GC: Disabled
[2022-08-14T00:09:05.944+0530][0.457s] CDS archive(s) mapped at: [0x0000000800000000-0x0000000800bc0000-0x0000000800bc0000), size 12320768, SharedBaseAddress: 0x0000000800000000, ArchiveRelocationMode: 0.
[2022-08-14T00:09:05.945+0530][0.457s] Compressed class space mapped at: 0x0000000800c00000-0x0000000840c00000, reserved size: 1073741824
[2022-08-14T00:09:05.945+0530][0.457s] Narrow klass base: 0x0000000800000000, Narrow klass shift: 0, Narrow klass range: 0x100000000
[2022-08-14T00:09:07.964+0530][2.477s] GC(0) Pause Young (Normal) (G1 Evacuation Pause)
[2022-08-14T00:09:07.964+0530][2.477s] GC(0) Using 4 workers of 4 for evacuation
[2022-08-14T00:09:07.978+0530][2.491s] GC(0)   Pre Evacuate Collection Set: 0.1ms
[2022-08-14T00:09:07.978+0530][2.491s] GC(0)   Merge Heap Roots: 0.0ms
[2022-08-14T00:09:07.978+0530][2.492s] GC(0)   Evacuate Collection Set: 13.5ms
[2022-08-14T00:09:07.978+0530][2.492s] GC(0)   Post Evacuate Collection Set: 0.5ms
[2022-08-14T00:09:07.978+0530][2.492s] GC(0)   Other: 0.5ms
[2022-08-14T00:09:07.978+0530][2.492s] GC(0) Eden regions: 25->0(26)
[2022-08-14T00:09:07.978+0530][2.492s] GC(0) Survivor regions: 0->4(4)
[2022-08-14T00:09:07.978+0530][2.492s] GC(0) Old regions: 0->1
[2022-08-14T00:09:07.979+0530][2.492s] GC(0) Archive regions: 0->0
[2022-08-14T00:09:07.979+0530][2.492s] GC(0) Humongous regions: 0->0
[2022-08-14T00:09:07.979+0530][2.492s] GC(0) Metaspace: 9257K(9472K)->9257K(9472K) NonClass: 8178K(8320K)->8178K(8320K) Class: 1078K(1152K)->1078K(1152K)
[2022-08-14T00:09:07.979+0530][2.492s] GC(0) Pause Young (Normal) (G1 Evacuation Pause) 25M->4M(512M) 14.982ms
[2022-08-14T00:09:07.979+0530][2.492s] GC(0) User=0.00s Sys=0.00s Real=0.02s
[2022-08-14T00:09:08.837+0530][3.350s] GC(1) Pause Young (Normal) (G1 Evacuation Pause)
[2022-08-14T00:09:08.837+0530][3.350s] GC(1) Using 4 workers of 4 for evacuation
[2022-08-14T00:09:08.853+0530][3.366s] GC(1)   Pre Evacuate Collection Set: 0.1ms
[2022-08-14T00:09:08.853+0530][3.366s] GC(1)   Merge Heap Roots: 0.1ms
[2022-08-14T00:09:08.854+0530][3.367s] GC(1)   Evacuate Collection Set: 14.8ms
[2022-08-14T00:09:08.854+0530][3.367s] GC(1)   Post Evacuate Collection Set: 0.7ms
[2022-08-14T00:09:08.854+0530][3.367s] GC(1)   Other: 0.2ms
[2022-08-14T00:09:08.854+0530][3.367s] GC(1) Eden regions: 24->0(31)
[2022-08-14T00:09:08.854+0530][3.367s] GC(1) Survivor regions: 4->4(4)
[2022-08-14T00:09:08.854+0530][3.367s] GC(1) Old regions: 1->10
[2022-08-14T00:09:08.854+0530][3.367s] GC(1) Archive regions: 0->0
[2022-08-14T00:09:08.854+0530][3.367s] GC(1) Humongous regions: 4->4
[2022-08-14T00:09:08.854+0530][3.367s] GC(1) Metaspace: 14852K(15104K)->14852K(15104K) NonClass: 13113K(13248K)->13113K(13248K) Class: 1739K(1856K)->1739K(1856K)
[2022-08-14T00:09:08.854+0530][3.367s] GC(1) Pause Young (Normal) (G1 Evacuation Pause) 32M->17M(512M) 17.005ms
[2022-08-14T00:09:08.855+0530][3.368s] GC(1) User=0.06s Sys=0.02s Real=0.02s
[2022-08-14T00:09:09.552+0530][4.065s] GC(2) Pause Young (Normal) (G1 Evacuation Pause)
[2022-08-14T00:09:09.552+0530][4.065s] GC(2) Using 4 workers of 4 for evacuation
[2022-08-14T00:09:09.557+0530][4.070s] GC(2)   Pre Evacuate Collection Set: 0.1ms
[2022-08-14T00:09:09.558+0530][4.071s] GC(2)   Merge Heap Roots: 0.0ms
[2022-08-14T00:09:09.558+0530][4.071s] GC(2)   Evacuate Collection Set: 4.7ms
[2022-08-14T00:09:09.558+0530][4.071s] GC(2)   Post Evacuate Collection Set: 0.3ms
[2022-08-14T00:09:09.558+0530][4.071s] GC(2)   Other: 0.3ms
[2022-08-14T00:09:09.558+0530][4.071s] GC(2) Eden regions: 30->0(115)
[2022-08-14T00:09:09.558+0530][4.071s] GC(2) Survivor regions: 4->5(5)
[2022-08-14T00:09:09.558+0530][4.071s] GC(2) Old regions: 10->15
[2022-08-14T00:09:09.558+0530][4.071s] GC(2) Archive regions: 0->0
[2022-08-14T00:09:09.558+0530][4.071s] GC(2) Humongous regions: 4->4
[2022-08-14T00:09:09.558+0530][4.071s] GC(2) Metaspace: 15787K(16064K)->15787K(16064K) NonClass: 13956K(14080K)->13956K(14080K) Class: 1830K(1984K)->1830K(1984K)
[2022-08-14T00:09:09.558+0530][4.071s] GC(2) Pause Young (Normal) (G1 Evacuation Pause) 47M->23M(512M) 5.909ms
[2022-08-14T00:09:09.558+0530][4.071s] GC(2) User=0.03s Sys=0.00s Real=0.01s
[2022-08-14T00:09:10.163+0530][4.677s] GC(3) Pause Young (Concurrent Start) (Metadata GC Threshold)
[2022-08-14T00:09:10.164+0530][4.677s] GC(3) Using 4 workers of 4 for evacuation
[2022-08-14T00:09:10.167+0530][4.681s] GC(3)   Pre Evacuate Collection Set: 0.3ms
[2022-08-14T00:09:10.167+0530][4.681s] GC(3)   Merge Heap Roots: 0.1ms
[2022-08-14T00:09:10.168+0530][4.681s] GC(3)   Evacuate Collection Set: 2.8ms
[2022-08-14T00:09:10.168+0530][4.681s] GC(3)   Post Evacuate Collection Set: 0.5ms
[2022-08-14T00:09:10.168+0530][4.681s] GC(3)   Other: 0.5ms
[2022-08-14T00:09:10.168+0530][4.681s] GC(3) Eden regions: 27->0(175)
[2022-08-14T00:09:10.168+0530][4.681s] GC(3) Survivor regions: 5->6(15)
[2022-08-14T00:09:10.168+0530][4.681s] GC(3) Old regions: 15->15
[2022-08-14T00:09:10.168+0530][4.681s] GC(3) Archive regions: 0->0
[2022-08-14T00:09:10.168+0530][4.681s] GC(3) Humongous regions: 4->4
[2022-08-14T00:09:10.168+0530][4.681s] GC(3) Metaspace: 21331K(21504K)->21331K(21504K) NonClass: 18923K(19008K)->18923K(19008K) Class: 2408K(2496K)->2408K(2496K)
[2022-08-14T00:09:10.168+0530][4.681s] GC(3) Pause Young (Concurrent Start) (Metadata GC Threshold) 50M->24M(512M) 4.423ms
[2022-08-14T00:09:10.168+0530][4.681s] GC(3) User=0.06s Sys=0.00s Real=0.00s
[2022-08-14T00:09:10.168+0530][4.681s] GC(4) Concurrent Mark Cycle
[2022-08-14T00:09:10.168+0530][4.681s] GC(4) Concurrent Clear Claimed Marks
[2022-08-14T00:09:10.168+0530][4.681s] GC(4) Concurrent Clear Claimed Marks 0.041ms
[2022-08-14T00:09:10.168+0530][4.681s] GC(4) Concurrent Scan Root Regions
[2022-08-14T00:09:10.170+0530][4.683s] GC(4) Concurrent Scan Root Regions 1.795ms
[2022-08-14T00:09:10.170+0530][4.683s] GC(4) Concurrent Mark
[2022-08-14T00:09:10.170+0530][4.683s] GC(4) Concurrent Mark From Roots
[2022-08-14T00:09:10.170+0530][4.683s] GC(4) Using 1 workers of 1 for marking
[2022-08-14T00:09:10.212+0530][4.726s] GC(4) Concurrent Mark From Roots 42.485ms
[2022-08-14T00:09:10.213+0530][4.726s] GC(4) Concurrent Preclean
[2022-08-14T00:09:10.213+0530][4.726s] GC(4) Concurrent Preclean 0.245ms
[2022-08-14T00:09:10.213+0530][4.726s] GC(4) Pause Remark
[2022-08-14T00:09:10.216+0530][4.729s] GC(4) Pause Remark 28M->28M(512M) 2.857ms
[2022-08-14T00:09:10.216+0530][4.729s] GC(4) User=0.05s Sys=0.00s Real=0.00s
[2022-08-14T00:09:10.216+0530][4.729s] GC(4) Concurrent Mark 45.945ms
[2022-08-14T00:09:10.216+0530][4.729s] GC(4) Concurrent Rebuild Remembered Sets
[2022-08-14T00:09:10.236+0530][4.749s] GC(4) Concurrent Rebuild Remembered Sets 20.081ms
[2022-08-14T00:09:10.236+0530][4.750s] GC(4) Pause Cleanup
[2022-08-14T00:09:10.237+0530][4.750s] GC(4) Pause Cleanup 28M->28M(512M) 0.267ms
[2022-08-14T00:09:10.237+0530][4.750s] GC(4) User=0.00s Sys=0.00s Real=0.00s
[2022-08-14T00:09:10.237+0530][4.750s] GC(4) Concurrent Cleanup for Next Mark
[2022-08-14T00:09:10.238+0530][4.751s] GC(4) Concurrent Cleanup for Next Mark 0.819ms
[2022-08-14T00:09:10.238+0530][4.751s] GC(4) Concurrent Mark Cycle 69.703ms
[2022-08-14T00:09:13.463+0530][7.976s] GC(5) Pause Young (Concurrent Start) (Metadata GC Threshold)
[2022-08-14T00:09:13.463+0530][7.976s] GC(5) Using 4 workers of 4 for evacuation
[2022-08-14T00:09:13.473+0530][7.987s] GC(5)   Pre Evacuate Collection Set: 0.2ms
[2022-08-14T00:09:13.474+0530][7.987s] GC(5)   Merge Heap Roots: 0.1ms
[2022-08-14T00:09:13.474+0530][7.987s] GC(5)   Evacuate Collection Set: 9.5ms
[2022-08-14T00:09:13.474+0530][7.987s] GC(5)   Post Evacuate Collection Set: 0.7ms
[2022-08-14T00:09:13.474+0530][7.987s] GC(5)   Other: 0.3ms
[2022-08-14T00:09:13.474+0530][7.987s] GC(5) Eden regions: 97->0(293)
[2022-08-14T00:09:13.474+0530][7.987s] GC(5) Survivor regions: 6->14(26)
[2022-08-14T00:09:13.474+0530][7.987s] GC(5) Old regions: 15->15
[2022-08-14T00:09:13.474+0530][7.987s] GC(5) Archive regions: 0->0
[2022-08-14T00:09:13.474+0530][7.987s] GC(5) Humongous regions: 4->4
[2022-08-14T00:09:13.474+0530][7.988s] GC(5) Metaspace: 36724K(36928K)->36724K(36928K) NonClass: 32605K(32704K)->32605K(32704K) Class: 4119K(4224K)->4119K(4224K)
[2022-08-14T00:09:13.474+0530][7.988s] GC(5) Pause Young (Concurrent Start) (Metadata GC Threshold) 121M->32M(512M) 11.376ms
[2022-08-14T00:09:13.474+0530][7.988s] GC(5) User=0.06s Sys=0.00s Real=0.01s
[2022-08-14T00:09:13.474+0530][7.988s] GC(6) Concurrent Mark Cycle
[2022-08-14T00:09:13.474+0530][7.988s] GC(6) Concurrent Clear Claimed Marks
[2022-08-14T00:09:13.474+0530][7.988s] GC(6) Concurrent Clear Claimed Marks 0.038ms
[2022-08-14T00:09:13.475+0530][7.988s] GC(6) Concurrent Scan Root Regions
[2022-08-14T00:09:13.484+0530][7.997s] GC(6) Concurrent Scan Root Regions 9.230ms
[2022-08-14T00:09:13.484+0530][7.997s] GC(6) Concurrent Mark
[2022-08-14T00:09:13.484+0530][7.997s] GC(6) Concurrent Mark From Roots
[2022-08-14T00:09:13.484+0530][7.997s] GC(6) Using 1 workers of 1 for marking
[2022-08-14T00:09:13.526+0530][8.039s] GC(6) Concurrent Mark From Roots 41.651ms
[2022-08-14T00:09:13.526+0530][8.039s] GC(6) Concurrent Preclean
[2022-08-14T00:09:13.526+0530][8.039s] GC(6) Concurrent Preclean 0.197ms
[2022-08-14T00:09:13.526+0530][8.039s] GC(6) Pause Remark
[2022-08-14T00:09:13.530+0530][8.043s] GC(6) Pause Remark 39M->39M(512M) 3.574ms
[2022-08-14T00:09:13.530+0530][8.043s] GC(6) User=0.06s Sys=0.00s Real=0.00s
[2022-08-14T00:09:13.530+0530][8.043s] GC(6) Concurrent Mark 46.085ms
[2022-08-14T00:09:13.530+0530][8.043s] GC(6) Concurrent Rebuild Remembered Sets
[2022-08-14T00:09:13.549+0530][8.062s] GC(6) Concurrent Rebuild Remembered Sets 18.412ms
[2022-08-14T00:09:13.549+0530][8.062s] GC(6) Pause Cleanup
[2022-08-14T00:09:13.549+0530][8.062s] GC(6) Pause Cleanup 40M->40M(512M) 0.141ms
[2022-08-14T00:09:13.549+0530][8.062s] GC(6) User=0.00s Sys=0.00s Real=0.00s
[2022-08-14T00:09:13.550+0530][8.064s] GC(6) Concurrent Cleanup for Next Mark
[2022-08-14T00:09:13.551+0530][8.064s] GC(6) Concurrent Cleanup for Next Mark 0.848ms
[2022-08-14T00:09:13.551+0530][8.065s] GC(6) Concurrent Mark Cycle 76.617ms
[2022-08-14T00:12:01.017+0530][175.530s] Heap
[2022-08-14T00:12:01.017+0530][175.530s]  garbage-first heap   total 524288K, used 192416K [0x00000000e0000000, 0x0000000100000000)
[2022-08-14T00:12:01.017+0530][175.530s]   region size 1024K, 168 young (172032K), 14 survivors (14336K)
[2022-08-14T00:12:01.017+0530][175.530s]  Metaspace       used 53887K, committed 54208K, reserved 1097728K
[2022-08-14T00:12:01.017+0530][175.530s]   class space    used 6356K, committed 6528K, reserved 1048576K
