[2022-07-21T22:22:57.307+0530][0.037s] Using G1
[2022-07-21T22:22:57.746+0530][0.477s] Version: 17.0.3.1+2-LTS-6 (release)
[2022-07-21T22:22:57.746+0530][0.477s] CPUs: 4 total, 4 available
[2022-07-21T22:22:57.747+0530][0.477s] Memory: 8082M
[2022-07-21T22:22:57.747+0530][0.477s] Large Page Support: Disabled
[2022-07-21T22:22:57.747+0530][0.477s] NUMA Support: Disabled
[2022-07-21T22:22:57.747+0530][0.477s] Compressed Oops: Enabled (32-bit)
[2022-07-21T22:22:57.747+0530][0.477s] Heap Region Size: 1M
[2022-07-21T22:22:57.747+0530][0.477s] Heap Min Capacity: 512M
[2022-07-21T22:22:57.747+0530][0.477s] Heap Initial Capacity: 512M
[2022-07-21T22:22:57.747+0530][0.477s] Heap Max Capacity: 512M
[2022-07-21T22:22:57.747+0530][0.477s] Pre-touch: Enabled
[2022-07-21T22:22:57.747+0530][0.478s] Parallel Workers: 4
[2022-07-21T22:22:57.747+0530][0.478s] Concurrent Workers: 1
[2022-07-21T22:22:57.747+0530][0.478s] Concurrent Refinement Workers: 4
[2022-07-21T22:22:57.747+0530][0.478s] Periodic GC: Disabled
[2022-07-21T22:22:57.749+0530][0.479s] CDS archive(s) mapped at: [0x0000000800000000-0x0000000800bc0000-0x0000000800bc0000), size 12320768, SharedBaseAddress: 0x0000000800000000, ArchiveRelocationMode: 0.
[2022-07-21T22:22:57.749+0530][0.479s] Compressed class space mapped at: 0x0000000800c00000-0x0000000840c00000, reserved size: 1073741824
[2022-07-21T22:22:57.749+0530][0.479s] Narrow klass base: 0x0000000800000000, Narrow klass shift: 0, Narrow klass range: 0x100000000
[2022-07-21T22:22:59.959+0530][2.690s] GC(0) Pause Young (Normal) (G1 Evacuation Pause)
[2022-07-21T22:22:59.960+0530][2.690s] GC(0) Using 4 workers of 4 for evacuation
[2022-07-21T22:22:59.968+0530][2.699s] GC(0)   Pre Evacuate Collection Set: 0.1ms
[2022-07-21T22:22:59.968+0530][2.699s] GC(0)   Merge Heap Roots: 0.1ms
[2022-07-21T22:22:59.969+0530][2.699s] GC(0)   Evacuate Collection Set: 7.9ms
[2022-07-21T22:22:59.969+0530][2.699s] GC(0)   Post Evacuate Collection Set: 0.5ms
[2022-07-21T22:22:59.969+0530][2.699s] GC(0)   Other: 0.4ms
[2022-07-21T22:22:59.969+0530][2.699s] GC(0) Eden regions: 25->0(27)
[2022-07-21T22:22:59.969+0530][2.699s] GC(0) Survivor regions: 0->4(4)
[2022-07-21T22:22:59.969+0530][2.699s] GC(0) Old regions: 0->1
[2022-07-21T22:22:59.969+0530][2.699s] GC(0) Archive regions: 0->0
[2022-07-21T22:22:59.969+0530][2.699s] GC(0) Humongous regions: 0->0
[2022-07-21T22:22:59.969+0530][2.699s] GC(0) Metaspace: 9314K(9536K)->9314K(9536K) NonClass: 8230K(8384K)->8230K(8384K) Class: 1083K(1152K)->1083K(1152K)
[2022-07-21T22:22:59.969+0530][2.699s] GC(0) Pause Young (Normal) (G1 Evacuation Pause) 25M->4M(512M) 9.433ms
[2022-07-21T22:22:59.969+0530][2.699s] GC(0) User=0.05s Sys=0.00s Real=0.01s
[2022-07-21T22:23:00.983+0530][3.712s] GC(1) Pause Young (Normal) (G1 Evacuation Pause)
[2022-07-21T22:23:00.983+0530][3.713s] GC(1) Using 4 workers of 4 for evacuation
[2022-07-21T22:23:00.998+0530][3.727s] GC(1)   Pre Evacuate Collection Set: 0.1ms
[2022-07-21T22:23:00.998+0530][3.728s] GC(1)   Merge Heap Roots: 0.1ms
[2022-07-21T22:23:00.998+0530][3.728s] GC(1)   Evacuate Collection Set: 14.2ms
[2022-07-21T22:23:00.998+0530][3.728s] GC(1)   Post Evacuate Collection Set: 0.5ms
[2022-07-21T22:23:00.998+0530][3.728s] GC(1)   Other: 0.2ms
[2022-07-21T22:23:00.998+0530][3.728s] GC(1) Eden regions: 24->0(31)
[2022-07-21T22:23:00.998+0530][3.728s] GC(1) Survivor regions: 4->4(4)
[2022-07-21T22:23:00.998+0530][3.728s] GC(1) Old regions: 1->9
[2022-07-21T22:23:00.998+0530][3.728s] GC(1) Archive regions: 0->0
[2022-07-21T22:23:00.998+0530][3.728s] GC(1) Humongous regions: 4->4
[2022-07-21T22:23:00.998+0530][3.728s] GC(1) Metaspace: 14908K(15104K)->14908K(15104K) NonClass: 13160K(13248K)->13160K(13248K) Class: 1747K(1856K)->1747K(1856K)
[2022-07-21T22:23:00.998+0530][3.728s] GC(1) Pause Young (Normal) (G1 Evacuation Pause) 32M->16M(512M) 15.370ms
[2022-07-21T22:23:00.998+0530][3.728s] GC(1) User=0.06s Sys=0.00s Real=0.01s
[2022-07-21T22:23:01.872+0530][4.602s] GC(2) Pause Young (Normal) (G1 Evacuation Pause)
[2022-07-21T22:23:01.872+0530][4.602s] GC(2) Using 4 workers of 4 for evacuation
[2022-07-21T22:23:01.877+0530][4.608s] GC(2)   Pre Evacuate Collection Set: 0.2ms
[2022-07-21T22:23:01.878+0530][4.608s] GC(2)   Merge Heap Roots: 0.0ms
[2022-07-21T22:23:01.878+0530][4.608s] GC(2)   Evacuate Collection Set: 4.4ms
[2022-07-21T22:23:01.878+0530][4.608s] GC(2)   Post Evacuate Collection Set: 0.7ms
[2022-07-21T22:23:01.878+0530][4.608s] GC(2)   Other: 0.4ms
[2022-07-21T22:23:01.878+0530][4.608s] GC(2) Eden regions: 31->0(82)
[2022-07-21T22:23:01.878+0530][4.609s] GC(2) Survivor regions: 4->5(5)
[2022-07-21T22:23:01.878+0530][4.609s] GC(2) Old regions: 9->15
[2022-07-21T22:23:01.878+0530][4.609s] GC(2) Archive regions: 0->0
[2022-07-21T22:23:01.879+0530][4.609s] GC(2) Humongous regions: 4->4
[2022-07-21T22:23:01.879+0530][4.609s] GC(2) Metaspace: 16024K(16256K)->16024K(16256K) NonClass: 14160K(14272K)->14160K(14272K) Class: 1863K(1984K)->1863K(1984K)
[2022-07-21T22:23:01.879+0530][4.609s] GC(2) Pause Young (Normal) (G1 Evacuation Pause) 47M->24M(512M) 7.029ms
[2022-07-21T22:23:01.879+0530][4.609s] GC(2) User=0.00s Sys=0.00s Real=0.01s
[2022-07-21T22:23:02.520+0530][5.250s] GC(3) Pause Young (Concurrent Start) (Metadata GC Threshold)
[2022-07-21T22:23:02.520+0530][5.250s] GC(3) Using 4 workers of 4 for evacuation
[2022-07-21T22:23:02.524+0530][5.253s] GC(3)   Pre Evacuate Collection Set: 0.1ms
[2022-07-21T22:23:02.524+0530][5.253s] GC(3)   Merge Heap Roots: 0.0ms
[2022-07-21T22:23:02.524+0530][5.253s] GC(3)   Evacuate Collection Set: 2.6ms
[2022-07-21T22:23:02.524+0530][5.253s] GC(3)   Post Evacuate Collection Set: 0.5ms
[2022-07-21T22:23:02.524+0530][5.253s] GC(3)   Other: 0.2ms
[2022-07-21T22:23:02.524+0530][5.253s] GC(3) Eden regions: 26->0(144)
[2022-07-21T22:23:02.524+0530][5.253s] GC(3) Survivor regions: 5->6(11)
[2022-07-21T22:23:02.524+0530][5.253s] GC(3) Old regions: 15->15
[2022-07-21T22:23:02.524+0530][5.253s] GC(3) Archive regions: 0->0
[2022-07-21T22:23:02.524+0530][5.253s] GC(3) Humongous regions: 4->4
[2022-07-21T22:23:02.524+0530][5.253s] GC(3) Metaspace: 21303K(21504K)->21303K(21504K) NonClass: 18900K(19008K)->18900K(19008K) Class: 2402K(2496K)->2402K(2496K)
[2022-07-21T22:23:02.524+0530][5.253s] GC(3) Pause Young (Concurrent Start) (Metadata GC Threshold) 49M->24M(512M) 3.713ms
[2022-07-21T22:23:02.524+0530][5.254s] GC(3) User=0.00s Sys=0.00s Real=0.00s
[2022-07-21T22:23:02.524+0530][5.254s] GC(4) Concurrent Mark Cycle
[2022-07-21T22:23:02.524+0530][5.254s] GC(4) Concurrent Clear Claimed Marks
[2022-07-21T22:23:02.524+0530][5.254s] GC(4) Concurrent Clear Claimed Marks 0.067ms
[2022-07-21T22:23:02.524+0530][5.254s] GC(4) Concurrent Scan Root Regions
[2022-07-21T22:23:02.526+0530][5.255s] GC(4) Concurrent Scan Root Regions 1.574ms
[2022-07-21T22:23:02.526+0530][5.255s] GC(4) Concurrent Mark
[2022-07-21T22:23:02.526+0530][5.255s] GC(4) Concurrent Mark From Roots
[2022-07-21T22:23:02.526+0530][5.255s] GC(4) Using 1 workers of 1 for marking
[2022-07-21T22:23:02.571+0530][5.301s] GC(4) Concurrent Mark From Roots 45.965ms
[2022-07-21T22:23:02.571+0530][5.301s] GC(4) Concurrent Preclean
[2022-07-21T22:23:02.571+0530][5.302s] GC(4) Concurrent Preclean 0.280ms
[2022-07-21T22:23:02.571+0530][5.302s] GC(4) Pause Remark
[2022-07-21T22:23:02.574+0530][5.304s] GC(4) Pause Remark 27M->27M(512M) 2.083ms
[2022-07-21T22:23:02.574+0530][5.304s] GC(4) User=0.02s Sys=0.00s Real=0.00s
[2022-07-21T22:23:02.574+0530][5.304s] GC(4) Concurrent Mark 48.865ms
[2022-07-21T22:23:02.574+0530][5.304s] GC(4) Concurrent Rebuild Remembered Sets
[2022-07-21T22:23:02.596+0530][5.327s] GC(4) Concurrent Rebuild Remembered Sets 22.537ms
[2022-07-21T22:23:02.597+0530][5.327s] GC(4) Pause Cleanup
[2022-07-21T22:23:02.597+0530][5.327s] GC(4) Pause Cleanup 28M->28M(512M) 0.133ms
[2022-07-21T22:23:02.597+0530][5.327s] GC(4) User=0.00s Sys=0.00s Real=0.00s
[2022-07-21T22:23:02.597+0530][5.327s] GC(4) Concurrent Cleanup for Next Mark
[2022-07-21T22:23:02.598+0530][5.328s] GC(4) Concurrent Cleanup for Next Mark 0.802ms
[2022-07-21T22:23:02.598+0530][5.328s] GC(4) Concurrent Mark Cycle 74.705ms
[2022-07-21T22:23:06.011+0530][8.741s] GC(5) Pause Young (Prepare Mixed) (Metadata GC Threshold)
[2022-07-21T22:23:06.011+0530][8.741s] GC(5) Using 4 workers of 4 for evacuation
[2022-07-21T22:23:06.021+0530][8.752s] GC(5)   Pre Evacuate Collection Set: 0.1ms
[2022-07-21T22:23:06.022+0530][8.752s] GC(5)   Merge Heap Roots: 0.1ms
[2022-07-21T22:23:06.022+0530][8.752s] GC(5)   Evacuate Collection Set: 9.8ms
[2022-07-21T22:23:06.022+0530][8.752s] GC(5)   Post Evacuate Collection Set: 0.7ms
[2022-07-21T22:23:06.022+0530][8.752s] GC(5)   Other: 0.2ms
[2022-07-21T22:23:06.022+0530][8.752s] GC(5) Eden regions: 108->0(11)
[2022-07-21T22:23:06.022+0530][8.752s] GC(5) Survivor regions: 6->14(21)
[2022-07-21T22:23:06.022+0530][8.752s] GC(5) Old regions: 15->15
[2022-07-21T22:23:06.022+0530][8.752s] GC(5) Archive regions: 0->0
[2022-07-21T22:23:06.022+0530][8.752s] GC(5) Humongous regions: 4->4
[2022-07-21T22:23:06.022+0530][8.752s] GC(5) Metaspace: 36825K(37056K)->36825K(37056K) NonClass: 32708K(32832K)->32708K(32832K) Class: 4117K(4224K)->4117K(4224K)
[2022-07-21T22:23:06.022+0530][8.752s] GC(5) Pause Young (Prepare Mixed) (Metadata GC Threshold) 132M->32M(512M) 11.195ms
[2022-07-21T22:23:06.022+0530][8.752s] GC(5) User=0.05s Sys=0.02s Real=0.01s
[2022-07-21T22:23:06.055+0530][8.785s] GC(6) Pause Young (Mixed) (Metadata GC Threshold)
[2022-07-21T22:23:06.055+0530][8.785s] GC(6) Using 4 workers of 4 for evacuation
[2022-07-21T22:23:06.063+0530][8.793s] GC(6)   Pre Evacuate Collection Set: 0.1ms
[2022-07-21T22:23:06.063+0530][8.793s] GC(6)   Merge Heap Roots: 0.1ms
[2022-07-21T22:23:06.063+0530][8.793s] GC(6)   Evacuate Collection Set: 7.7ms
[2022-07-21T22:23:06.063+0530][8.794s] GC(6)   Post Evacuate Collection Set: 0.5ms
[2022-07-21T22:23:06.063+0530][8.794s] GC(6)   Other: 0.2ms
[2022-07-21T22:23:06.063+0530][8.794s] GC(6) Eden regions: 2->0(305)
[2022-07-21T22:23:06.064+0530][8.794s] GC(6) Survivor regions: 14->2(4)
[2022-07-21T22:23:06.064+0530][8.794s] GC(6) Old regions: 15->28
[2022-07-21T22:23:06.064+0530][8.794s] GC(6) Archive regions: 0->0
[2022-07-21T22:23:06.064+0530][8.794s] GC(6) Humongous regions: 4->4
[2022-07-21T22:23:06.064+0530][8.794s] GC(6) Metaspace: 37077K(37376K)->37077K(37376K) NonClass: 32929K(33088K)->32929K(33088K) Class: 4148K(4288K)->4148K(4288K)
[2022-07-21T22:23:06.064+0530][8.794s] GC(6) Pause Young (Mixed) (Metadata GC Threshold) 34M->33M(512M) 8.932ms
[2022-07-21T22:23:06.064+0530][8.794s] GC(6) User=0.06s Sys=0.00s Real=0.01s
[2022-07-21T22:23:06.148+0530][8.878s] GC(7) Pause Young (Concurrent Start) (Metadata GC Threshold)
[2022-07-21T22:23:06.148+0530][8.878s] GC(7) Using 4 workers of 4 for evacuation
[2022-07-21T22:23:06.149+0530][8.879s] GC(7)   Pre Evacuate Collection Set: 0.1ms
[2022-07-21T22:23:06.149+0530][8.879s] GC(7)   Merge Heap Roots: 0.0ms
[2022-07-21T22:23:06.150+0530][8.879s] GC(7)   Evacuate Collection Set: 0.8ms
[2022-07-21T22:23:06.150+0530][8.880s] GC(7)   Post Evacuate Collection Set: 0.3ms
[2022-07-21T22:23:06.150+0530][8.880s] GC(7)   Other: 0.2ms
[2022-07-21T22:23:06.150+0530][8.880s] GC(7) Eden regions: 6->0(306)
[2022-07-21T22:23:06.150+0530][8.880s] GC(7) Survivor regions: 2->1(39)
[2022-07-21T22:23:06.150+0530][8.880s] GC(7) Old regions: 28->28
[2022-07-21T22:23:06.150+0530][8.880s] GC(7) Archive regions: 0->0
[2022-07-21T22:23:06.150+0530][8.880s] GC(7) Humongous regions: 4->4
[2022-07-21T22:23:06.150+0530][8.880s] GC(7) Metaspace: 37411K(37696K)->37411K(37696K) NonClass: 33224K(33344K)->33224K(33344K) Class: 4187K(4352K)->4187K(4352K)
[2022-07-21T22:23:06.150+0530][8.880s] GC(7) Pause Young (Concurrent Start) (Metadata GC Threshold) 38M->32M(512M) 2.072ms
[2022-07-21T22:23:06.150+0530][8.880s] GC(7) User=0.00s Sys=0.00s Real=0.00s
[2022-07-21T22:23:06.150+0530][8.880s] GC(8) Concurrent Mark Cycle
[2022-07-21T22:23:06.150+0530][8.880s] GC(8) Concurrent Clear Claimed Marks
[2022-07-21T22:23:06.150+0530][8.880s] GC(8) Concurrent Clear Claimed Marks 0.038ms
[2022-07-21T22:23:06.150+0530][8.880s] GC(8) Concurrent Scan Root Regions
[2022-07-21T22:23:06.151+0530][8.881s] GC(8) Concurrent Scan Root Regions 1.033ms
[2022-07-21T22:23:06.152+0530][8.881s] GC(8) Concurrent Mark
[2022-07-21T22:23:06.152+0530][8.881s] GC(8) Concurrent Mark From Roots
[2022-07-21T22:23:06.152+0530][8.882s] GC(8) Using 1 workers of 1 for marking
[2022-07-21T22:23:06.227+0530][8.956s] GC(8) Concurrent Mark From Roots 74.754ms
[2022-07-21T22:23:06.227+0530][8.956s] GC(8) Concurrent Preclean
[2022-07-21T22:23:06.227+0530][8.957s] GC(8) Concurrent Preclean 0.234ms
[2022-07-21T22:23:06.227+0530][8.957s] GC(8) Pause Remark
[2022-07-21T22:23:06.230+0530][8.960s] GC(8) Pause Remark 36M->36M(512M) 3.453ms
[2022-07-21T22:23:06.230+0530][8.960s] GC(8) User=0.00s Sys=0.00s Real=0.00s
[2022-07-21T22:23:06.231+0530][8.960s] GC(8) Concurrent Mark 78.868ms
[2022-07-21T22:23:06.231+0530][8.960s] GC(8) Concurrent Rebuild Remembered Sets
[2022-07-21T22:23:06.261+0530][8.991s] GC(8) Concurrent Rebuild Remembered Sets 30.383ms
[2022-07-21T22:23:06.261+0530][8.991s] GC(8) Pause Cleanup
[2022-07-21T22:23:06.261+0530][8.991s] GC(8) Pause Cleanup 36M->36M(512M) 0.138ms
[2022-07-21T22:23:06.261+0530][8.991s] GC(8) User=0.00s Sys=0.00s Real=0.00s
[2022-07-21T22:23:06.262+0530][8.991s] GC(8) Concurrent Cleanup for Next Mark
[2022-07-21T22:23:06.262+0530][8.992s] GC(8) Concurrent Cleanup for Next Mark 0.773ms
[2022-07-21T22:23:06.262+0530][8.992s] GC(8) Concurrent Mark Cycle 111.844ms
[2022-07-21T22:24:08.214+0530][70.944s] Heap
[2022-07-21T22:24:08.214+0530][70.944s]  garbage-first heap   total 524288K, used 184252K [0x00000000e0000000, 0x0000000100000000)
[2022-07-21T22:24:08.214+0530][70.944s]   region size 1024K, 148 young (151552K), 1 survivors (1024K)
[2022-07-21T22:24:08.214+0530][70.944s]  Metaspace       used 53880K, committed 54272K, reserved 1097728K
[2022-07-21T22:24:08.214+0530][70.944s]   class space    used 6358K, committed 6528K, reserved 1048576K
