[2022-07-21T22:30:56.035+0530][0.028s] Using G1
[2022-07-21T22:30:56.510+0530][0.503s] Version: 17.0.3.1+2-LTS-6 (release)
[2022-07-21T22:30:56.510+0530][0.503s] CPUs: 4 total, 4 available
[2022-07-21T22:30:56.510+0530][0.503s] Memory: 8082M
[2022-07-21T22:30:56.510+0530][0.503s] Large Page Support: Disabled
[2022-07-21T22:30:56.511+0530][0.503s] NUMA Support: Disabled
[2022-07-21T22:30:56.511+0530][0.504s] Compressed Oops: Enabled (32-bit)
[2022-07-21T22:30:56.511+0530][0.504s] Heap Region Size: 1M
[2022-07-21T22:30:56.511+0530][0.504s] Heap Min Capacity: 512M
[2022-07-21T22:30:56.511+0530][0.504s] Heap Initial Capacity: 512M
[2022-07-21T22:30:56.511+0530][0.504s] Heap Max Capacity: 512M
[2022-07-21T22:30:56.511+0530][0.504s] Pre-touch: Enabled
[2022-07-21T22:30:56.511+0530][0.504s] Parallel Workers: 4
[2022-07-21T22:30:56.511+0530][0.504s] Concurrent Workers: 1
[2022-07-21T22:30:56.511+0530][0.504s] Concurrent Refinement Workers: 4
[2022-07-21T22:30:56.511+0530][0.504s] Periodic GC: Disabled
[2022-07-21T22:30:56.513+0530][0.506s] CDS archive(s) mapped at: [0x0000000800000000-0x0000000800bc0000-0x0000000800bc0000), size 12320768, SharedBaseAddress: 0x0000000800000000, ArchiveRelocationMode: 0.
[2022-07-21T22:30:56.513+0530][0.506s] Compressed class space mapped at: 0x0000000800c00000-0x0000000840c00000, reserved size: 1073741824
[2022-07-21T22:30:56.513+0530][0.506s] Narrow klass base: 0x0000000800000000, Narrow klass shift: 0, Narrow klass range: 0x100000000
[2022-07-21T22:30:58.370+0530][2.363s] GC(0) Pause Young (Normal) (G1 Evacuation Pause)
[2022-07-21T22:30:58.371+0530][2.364s] GC(0) Using 4 workers of 4 for evacuation
[2022-07-21T22:30:58.382+0530][2.375s] GC(0)   Pre Evacuate Collection Set: 0.1ms
[2022-07-21T22:30:58.382+0530][2.375s] GC(0)   Merge Heap Roots: 0.1ms
[2022-07-21T22:30:58.382+0530][2.375s] GC(0)   Evacuate Collection Set: 10.4ms
[2022-07-21T22:30:58.382+0530][2.375s] GC(0)   Post Evacuate Collection Set: 0.6ms
[2022-07-21T22:30:58.382+0530][2.375s] GC(0)   Other: 0.5ms
[2022-07-21T22:30:58.382+0530][2.375s] GC(0) Eden regions: 25->0(27)
[2022-07-21T22:30:58.382+0530][2.375s] GC(0) Survivor regions: 0->4(4)
[2022-07-21T22:30:58.382+0530][2.375s] GC(0) Old regions: 0->1
[2022-07-21T22:30:58.382+0530][2.375s] GC(0) Archive regions: 0->0
[2022-07-21T22:30:58.382+0530][2.375s] GC(0) Humongous regions: 0->0
[2022-07-21T22:30:58.382+0530][2.375s] GC(0) Metaspace: 9308K(9472K)->9308K(9472K) NonClass: 8225K(8320K)->8225K(8320K) Class: 1082K(1152K)->1082K(1152K)
[2022-07-21T22:30:58.382+0530][2.375s] GC(0) Pause Young (Normal) (G1 Evacuation Pause) 25M->4M(512M) 12.156ms
[2022-07-21T22:30:58.382+0530][2.375s] GC(0) User=0.05s Sys=0.02s Real=0.01s
[2022-07-21T22:30:59.293+0530][3.286s] GC(1) Pause Young (Normal) (G1 Evacuation Pause)
[2022-07-21T22:30:59.293+0530][3.286s] GC(1) Using 4 workers of 4 for evacuation
[2022-07-21T22:30:59.305+0530][3.299s] GC(1)   Pre Evacuate Collection Set: 0.1ms
[2022-07-21T22:30:59.305+0530][3.299s] GC(1)   Merge Heap Roots: 0.1ms
[2022-07-21T22:30:59.305+0530][3.299s] GC(1)   Evacuate Collection Set: 11.5ms
[2022-07-21T22:30:59.306+0530][3.299s] GC(1)   Post Evacuate Collection Set: 0.6ms
[2022-07-21T22:30:59.306+0530][3.299s] GC(1)   Other: 0.2ms
[2022-07-21T22:30:59.306+0530][3.299s] GC(1) Eden regions: 24->0(31)
[2022-07-21T22:30:59.306+0530][3.299s] GC(1) Survivor regions: 4->4(4)
[2022-07-21T22:30:59.306+0530][3.299s] GC(1) Old regions: 1->10
[2022-07-21T22:30:59.306+0530][3.299s] GC(1) Archive regions: 0->0
[2022-07-21T22:30:59.306+0530][3.299s] GC(1) Humongous regions: 4->4
[2022-07-21T22:30:59.306+0530][3.299s] GC(1) Metaspace: 14932K(15168K)->14932K(15168K) NonClass: 13183K(13312K)->13183K(13312K) Class: 1749K(1856K)->1749K(1856K)
[2022-07-21T22:30:59.306+0530][3.299s] GC(1) Pause Young (Normal) (G1 Evacuation Pause) 32M->17M(512M) 13.052ms
[2022-07-21T22:30:59.306+0530][3.300s] GC(1) User=0.00s Sys=0.00s Real=0.01s
[2022-07-21T22:31:00.078+0530][4.072s] GC(2) Pause Young (Normal) (G1 Evacuation Pause)
[2022-07-21T22:31:00.078+0530][4.072s] GC(2) Using 4 workers of 4 for evacuation
[2022-07-21T22:31:00.084+0530][4.078s] GC(2)   Pre Evacuate Collection Set: 0.1ms
[2022-07-21T22:31:00.085+0530][4.078s] GC(2)   Merge Heap Roots: 0.1ms
[2022-07-21T22:31:00.085+0530][4.078s] GC(2)   Evacuate Collection Set: 5.2ms
[2022-07-21T22:31:00.085+0530][4.078s] GC(2)   Post Evacuate Collection Set: 0.7ms
[2022-07-21T22:31:00.085+0530][4.078s] GC(2)   Other: 0.2ms
[2022-07-21T22:31:00.085+0530][4.078s] GC(2) Eden regions: 31->0(79)
[2022-07-21T22:31:00.085+0530][4.078s] GC(2) Survivor regions: 4->5(5)
[2022-07-21T22:31:00.085+0530][4.078s] GC(2) Old regions: 10->15
[2022-07-21T22:31:00.085+0530][4.078s] GC(2) Archive regions: 0->0
[2022-07-21T22:31:00.085+0530][4.078s] GC(2) Humongous regions: 4->4
[2022-07-21T22:31:00.085+0530][4.079s] GC(2) Metaspace: 16009K(16256K)->16009K(16256K) NonClass: 14146K(14272K)->14146K(14272K) Class: 1862K(1984K)->1862K(1984K)
[2022-07-21T22:31:00.085+0530][4.079s] GC(2) Pause Young (Normal) (G1 Evacuation Pause) 48M->23M(512M) 7.067ms
[2022-07-21T22:31:00.085+0530][4.079s] GC(2) User=0.00s Sys=0.00s Real=0.01s
[2022-07-21T22:31:00.718+0530][4.712s] GC(3) Pause Young (Concurrent Start) (Metadata GC Threshold)
[2022-07-21T22:31:00.718+0530][4.712s] GC(3) Using 4 workers of 4 for evacuation
[2022-07-21T22:31:00.721+0530][4.715s] GC(3)   Pre Evacuate Collection Set: 0.2ms
[2022-07-21T22:31:00.721+0530][4.715s] GC(3)   Merge Heap Roots: 0.1ms
[2022-07-21T22:31:00.721+0530][4.715s] GC(3)   Evacuate Collection Set: 2.3ms
[2022-07-21T22:31:00.721+0530][4.715s] GC(3)   Post Evacuate Collection Set: 0.4ms
[2022-07-21T22:31:00.721+0530][4.715s] GC(3)   Other: 0.2ms
[2022-07-21T22:31:00.722+0530][4.715s] GC(3) Eden regions: 26->0(138)
[2022-07-21T22:31:00.722+0530][4.715s] GC(3) Survivor regions: 5->6(11)
[2022-07-21T22:31:00.722+0530][4.715s] GC(3) Old regions: 15->15
[2022-07-21T22:31:00.722+0530][4.715s] GC(3) Archive regions: 0->0
[2022-07-21T22:31:00.722+0530][4.715s] GC(3) Humongous regions: 4->4
[2022-07-21T22:31:00.722+0530][4.715s] GC(3) Metaspace: 21315K(21504K)->21315K(21504K) NonClass: 18907K(19008K)->18907K(19008K) Class: 2407K(2496K)->2407K(2496K)
[2022-07-21T22:31:00.722+0530][4.716s] GC(3) Pause Young (Concurrent Start) (Metadata GC Threshold) 49M->24M(512M) 3.768ms
[2022-07-21T22:31:00.722+0530][4.716s] GC(3) User=0.00s Sys=0.00s Real=0.00s
[2022-07-21T22:31:00.722+0530][4.716s] GC(4) Concurrent Mark Cycle
[2022-07-21T22:31:00.722+0530][4.716s] GC(4) Concurrent Clear Claimed Marks
[2022-07-21T22:31:00.722+0530][4.716s] GC(4) Concurrent Clear Claimed Marks 0.043ms
[2022-07-21T22:31:00.722+0530][4.716s] GC(4) Concurrent Scan Root Regions
[2022-07-21T22:31:00.724+0530][4.718s] GC(4) Concurrent Scan Root Regions 1.962ms
[2022-07-21T22:31:00.724+0530][4.718s] GC(4) Concurrent Mark
[2022-07-21T22:31:00.724+0530][4.718s] GC(4) Concurrent Mark From Roots
[2022-07-21T22:31:00.724+0530][4.718s] GC(4) Using 1 workers of 1 for marking
[2022-07-21T22:31:00.778+0530][4.772s] GC(4) Concurrent Mark From Roots 54.060ms
[2022-07-21T22:31:00.779+0530][4.772s] GC(4) Concurrent Preclean
[2022-07-21T22:31:00.779+0530][4.772s] GC(4) Concurrent Preclean 0.331ms
[2022-07-21T22:31:00.779+0530][4.773s] GC(4) Pause Remark
[2022-07-21T22:31:00.782+0530][4.775s] GC(4) Pause Remark 28M->28M(512M) 2.547ms
[2022-07-21T22:31:00.782+0530][4.775s] GC(4) User=0.00s Sys=0.00s Real=0.00s
[2022-07-21T22:31:00.782+0530][4.776s] GC(4) Concurrent Mark 57.577ms
[2022-07-21T22:31:00.782+0530][4.776s] GC(4) Concurrent Rebuild Remembered Sets
[2022-07-21T22:31:00.804+0530][4.797s] GC(4) Concurrent Rebuild Remembered Sets 21.523ms
[2022-07-21T22:31:00.804+0530][4.797s] GC(4) Pause Cleanup
[2022-07-21T22:31:00.804+0530][4.797s] GC(4) Pause Cleanup 28M->28M(512M) 0.136ms
[2022-07-21T22:31:00.804+0530][4.797s] GC(4) User=0.00s Sys=0.00s Real=0.00s
[2022-07-21T22:31:00.804+0530][4.798s] GC(4) Concurrent Cleanup for Next Mark
[2022-07-21T22:31:00.805+0530][4.798s] GC(4) Concurrent Cleanup for Next Mark 0.721ms
[2022-07-21T22:31:00.805+0530][4.798s] GC(4) Concurrent Mark Cycle 82.638ms
[2022-07-21T22:31:03.890+0530][7.883s] GC(5) Pause Young (Concurrent Start) (Metadata GC Threshold)
[2022-07-21T22:31:03.890+0530][7.883s] GC(5) Using 4 workers of 4 for evacuation
[2022-07-21T22:31:03.902+0530][7.895s] GC(5)   Pre Evacuate Collection Set: 0.1ms
[2022-07-21T22:31:03.902+0530][7.896s] GC(5)   Merge Heap Roots: 0.1ms
[2022-07-21T22:31:03.902+0530][7.896s] GC(5)   Evacuate Collection Set: 11.3ms
[2022-07-21T22:31:03.902+0530][7.896s] GC(5)   Post Evacuate Collection Set: 0.8ms
[2022-07-21T22:31:03.902+0530][7.896s] GC(5)   Other: 0.3ms
[2022-07-21T22:31:03.902+0530][7.896s] GC(5) Eden regions: 97->0(293)
[2022-07-21T22:31:03.902+0530][7.896s] GC(5) Survivor regions: 6->14(20)
[2022-07-21T22:31:03.902+0530][7.896s] GC(5) Old regions: 15->15
[2022-07-21T22:31:03.903+0530][7.896s] GC(5) Archive regions: 0->0
[2022-07-21T22:31:03.903+0530][7.896s] GC(5) Humongous regions: 4->4
[2022-07-21T22:31:03.903+0530][7.896s] GC(5) Metaspace: 36870K(37120K)->36870K(37120K) NonClass: 32735K(32832K)->32735K(32832K) Class: 4134K(4288K)->4134K(4288K)
[2022-07-21T22:31:03.903+0530][7.896s] GC(5) Pause Young (Concurrent Start) (Metadata GC Threshold) 121M->32M(512M) 12.896ms
[2022-07-21T22:31:03.903+0530][7.896s] GC(5) User=0.03s Sys=0.00s Real=0.01s
[2022-07-21T22:31:03.903+0530][7.896s] GC(6) Concurrent Mark Cycle
[2022-07-21T22:31:03.903+0530][7.896s] GC(6) Concurrent Clear Claimed Marks
[2022-07-21T22:31:03.903+0530][7.896s] GC(6) Concurrent Clear Claimed Marks 0.040ms
[2022-07-21T22:31:03.903+0530][7.896s] GC(6) Concurrent Scan Root Regions
[2022-07-21T22:31:03.912+0530][7.905s] GC(6) Concurrent Scan Root Regions 9.416ms
[2022-07-21T22:31:03.912+0530][7.905s] GC(6) Concurrent Mark
[2022-07-21T22:31:03.912+0530][7.906s] GC(6) Concurrent Mark From Roots
[2022-07-21T22:31:03.912+0530][7.906s] GC(6) Using 1 workers of 1 for marking
[2022-07-21T22:31:03.958+0530][7.951s] GC(6) Concurrent Mark From Roots 45.861ms
[2022-07-21T22:31:03.958+0530][7.951s] GC(6) Concurrent Preclean
[2022-07-21T22:31:03.959+0530][7.952s] GC(6) Concurrent Preclean 0.217ms
[2022-07-21T22:31:03.959+0530][7.952s] GC(6) Pause Remark
[2022-07-21T22:31:03.962+0530][7.955s] GC(6) Pause Remark 38M->38M(512M) 2.892ms
[2022-07-21T22:31:03.962+0530][7.955s] GC(6) User=0.00s Sys=0.00s Real=0.00s
[2022-07-21T22:31:03.962+0530][7.955s] GC(6) Concurrent Mark 49.439ms
[2022-07-21T22:31:03.962+0530][7.955s] GC(6) Concurrent Rebuild Remembered Sets
[2022-07-21T22:31:03.983+0530][7.976s] GC(6) Concurrent Rebuild Remembered Sets 20.835ms
[2022-07-21T22:31:03.983+0530][7.976s] GC(6) Pause Cleanup
[2022-07-21T22:31:03.983+0530][7.976s] GC(6) Pause Cleanup 38M->38M(512M) 0.163ms
[2022-07-21T22:31:03.983+0530][7.976s] GC(6) User=0.00s Sys=0.00s Real=0.00s
[2022-07-21T22:31:03.983+0530][7.976s] GC(6) Concurrent Cleanup for Next Mark
[2022-07-21T22:31:03.984+0530][7.977s] GC(6) Concurrent Cleanup for Next Mark 0.878ms
[2022-07-21T22:31:03.984+0530][7.977s] GC(6) Concurrent Mark Cycle 81.387ms
[2022-07-21T22:31:51.602+0530][55.596s] Heap
[2022-07-21T22:31:51.603+0530][55.596s]  garbage-first heap   total 524288K, used 180030K [0x00000000e0000000, 0x0000000100000000)
[2022-07-21T22:31:51.603+0530][55.596s]   region size 1024K, 157 young (160768K), 14 survivors (14336K)
[2022-07-21T22:31:51.603+0530][55.596s]  Metaspace       used 52591K, committed 52864K, reserved 1097728K
[2022-07-21T22:31:51.603+0530][55.596s]   class space    used 6198K, committed 6336K, reserved 1048576K
