[2022-08-14T00:13:36.020+0530][0.027s] Using G1
[2022-08-14T00:13:36.502+0530][0.509s] Version: 17.0.3.1+2-LTS-6 (release)
[2022-08-14T00:13:36.502+0530][0.509s] CPUs: 4 total, 4 available
[2022-08-14T00:13:36.502+0530][0.509s] Memory: 8082M
[2022-08-14T00:13:36.502+0530][0.509s] Large Page Support: Disabled
[2022-08-14T00:13:36.502+0530][0.509s] NUMA Support: Disabled
[2022-08-14T00:13:36.502+0530][0.509s] Compressed Oops: Enabled (32-bit)
[2022-08-14T00:13:36.502+0530][0.509s] Heap Region Size: 1M
[2022-08-14T00:13:36.502+0530][0.509s] Heap Min Capacity: 512M
[2022-08-14T00:13:36.502+0530][0.509s] Heap Initial Capacity: 512M
[2022-08-14T00:13:36.503+0530][0.509s] Heap Max Capacity: 512M
[2022-08-14T00:13:36.503+0530][0.509s] Pre-touch: Enabled
[2022-08-14T00:13:36.503+0530][0.510s] Parallel Workers: 4
[2022-08-14T00:13:36.503+0530][0.510s] Concurrent Workers: 1
[2022-08-14T00:13:36.503+0530][0.510s] Concurrent Refinement Workers: 4
[2022-08-14T00:13:36.503+0530][0.510s] Periodic GC: Disabled
[2022-08-14T00:13:36.505+0530][0.512s] CDS archive(s) mapped at: [0x0000000800000000-0x0000000800bc0000-0x0000000800bc0000), size 12320768, SharedBaseAddress: 0x0000000800000000, ArchiveRelocationMode: 0.
[2022-08-14T00:13:36.505+0530][0.512s] Compressed class space mapped at: 0x0000000800c00000-0x0000000840c00000, reserved size: 1073741824
[2022-08-14T00:13:36.505+0530][0.512s] Narrow klass base: 0x0000000800000000, Narrow klass shift: 0, Narrow klass range: 0x100000000
[2022-08-14T00:13:38.339+0530][2.346s] GC(0) Pause Young (Normal) (G1 Evacuation Pause)
[2022-08-14T00:13:38.340+0530][2.347s] GC(0) Using 4 workers of 4 for evacuation
[2022-08-14T00:13:38.352+0530][2.359s] GC(0)   Pre Evacuate Collection Set: 0.1ms
[2022-08-14T00:13:38.353+0530][2.359s] GC(0)   Merge Heap Roots: 0.1ms
[2022-08-14T00:13:38.353+0530][2.359s] GC(0)   Evacuate Collection Set: 11.4ms
[2022-08-14T00:13:38.353+0530][2.360s] GC(0)   Post Evacuate Collection Set: 0.7ms
[2022-08-14T00:13:38.353+0530][2.360s] GC(0)   Other: 0.5ms
[2022-08-14T00:13:38.353+0530][2.360s] GC(0) Eden regions: 25->0(26)
[2022-08-14T00:13:38.353+0530][2.360s] GC(0) Survivor regions: 0->4(4)
[2022-08-14T00:13:38.353+0530][2.360s] GC(0) Old regions: 0->1
[2022-08-14T00:13:38.353+0530][2.360s] GC(0) Archive regions: 0->0
[2022-08-14T00:13:38.354+0530][2.360s] GC(0) Humongous regions: 0->0
[2022-08-14T00:13:38.354+0530][2.360s] GC(0) Metaspace: 9277K(9472K)->9277K(9472K) NonClass: 8195K(8320K)->8195K(8320K) Class: 1081K(1152K)->1081K(1152K)
[2022-08-14T00:13:38.354+0530][2.361s] GC(0) Pause Young (Normal) (G1 Evacuation Pause) 25M->4M(512M) 14.316ms
[2022-08-14T00:13:38.354+0530][2.361s] GC(0) User=0.00s Sys=0.00s Real=0.02s
[2022-08-14T00:13:39.191+0530][3.198s] GC(1) Pause Young (Normal) (G1 Evacuation Pause)
[2022-08-14T00:13:39.191+0530][3.198s] GC(1) Using 4 workers of 4 for evacuation
[2022-08-14T00:13:39.204+0530][3.211s] GC(1)   Pre Evacuate Collection Set: 0.1ms
[2022-08-14T00:13:39.204+0530][3.211s] GC(1)   Merge Heap Roots: 0.1ms
[2022-08-14T00:13:39.204+0530][3.211s] GC(1)   Evacuate Collection Set: 11.8ms
[2022-08-14T00:13:39.204+0530][3.211s] GC(1)   Post Evacuate Collection Set: 0.6ms
[2022-08-14T00:13:39.204+0530][3.211s] GC(1)   Other: 0.1ms
[2022-08-14T00:13:39.204+0530][3.211s] GC(1) Eden regions: 24->0(31)
[2022-08-14T00:13:39.204+0530][3.211s] GC(1) Survivor regions: 4->4(4)
[2022-08-14T00:13:39.205+0530][3.211s] GC(1) Old regions: 1->10
[2022-08-14T00:13:39.205+0530][3.211s] GC(1) Archive regions: 0->0
[2022-08-14T00:13:39.205+0530][3.211s] GC(1) Humongous regions: 4->4
[2022-08-14T00:13:39.205+0530][3.211s] GC(1) Metaspace: 14869K(15104K)->14869K(15104K) NonClass: 13125K(13248K)->13125K(13248K) Class: 1744K(1856K)->1744K(1856K)
[2022-08-14T00:13:39.205+0530][3.211s] GC(1) Pause Young (Normal) (G1 Evacuation Pause) 32M->17M(512M) 13.472ms
[2022-08-14T00:13:39.205+0530][3.212s] GC(1) User=0.06s Sys=0.00s Real=0.01s
[2022-08-14T00:13:39.951+0530][3.957s] GC(2) Pause Young (Normal) (G1 Evacuation Pause)
[2022-08-14T00:13:39.951+0530][3.957s] GC(2) Using 4 workers of 4 for evacuation
[2022-08-14T00:13:39.956+0530][3.963s] GC(2)   Pre Evacuate Collection Set: 0.1ms
[2022-08-14T00:13:39.956+0530][3.963s] GC(2)   Merge Heap Roots: 0.0ms
[2022-08-14T00:13:39.956+0530][3.963s] GC(2)   Evacuate Collection Set: 4.4ms
[2022-08-14T00:13:39.956+0530][3.963s] GC(2)   Post Evacuate Collection Set: 0.7ms
[2022-08-14T00:13:39.956+0530][3.963s] GC(2)   Other: 0.2ms
[2022-08-14T00:13:39.956+0530][3.963s] GC(2) Eden regions: 31->0(84)
[2022-08-14T00:13:39.956+0530][3.963s] GC(2) Survivor regions: 4->5(5)
[2022-08-14T00:13:39.956+0530][3.963s] GC(2) Old regions: 10->15
[2022-08-14T00:13:39.956+0530][3.963s] GC(2) Archive regions: 0->0
[2022-08-14T00:13:39.956+0530][3.963s] GC(2) Humongous regions: 4->4
[2022-08-14T00:13:39.957+0530][3.963s] GC(2) Metaspace: 15849K(16128K)->15849K(16128K) NonClass: 14008K(14144K)->14008K(14144K) Class: 1840K(1984K)->1840K(1984K)
[2022-08-14T00:13:39.957+0530][3.963s] GC(2) Pause Young (Normal) (G1 Evacuation Pause) 48M->24M(512M) 5.829ms
[2022-08-14T00:13:39.957+0530][3.963s] GC(2) User=0.00s Sys=0.00s Real=0.01s
[2022-08-14T00:13:40.470+0530][4.477s] GC(3) Pause Young (Concurrent Start) (Metadata GC Threshold)
[2022-08-14T00:13:40.470+0530][4.477s] GC(3) Using 4 workers of 4 for evacuation
[2022-08-14T00:13:40.474+0530][4.481s] GC(3)   Pre Evacuate Collection Set: 0.2ms
[2022-08-14T00:13:40.474+0530][4.481s] GC(3)   Merge Heap Roots: 0.1ms
[2022-08-14T00:13:40.474+0530][4.481s] GC(3)   Evacuate Collection Set: 2.7ms
[2022-08-14T00:13:40.474+0530][4.481s] GC(3)   Post Evacuate Collection Set: 0.4ms
[2022-08-14T00:13:40.474+0530][4.481s] GC(3)   Other: 0.3ms
[2022-08-14T00:13:40.474+0530][4.481s] GC(3) Eden regions: 26->0(146)
[2022-08-14T00:13:40.474+0530][4.481s] GC(3) Survivor regions: 5->6(12)
[2022-08-14T00:13:40.474+0530][4.481s] GC(3) Old regions: 15->15
[2022-08-14T00:13:40.474+0530][4.481s] GC(3) Archive regions: 0->0
[2022-08-14T00:13:40.474+0530][4.481s] GC(3) Humongous regions: 4->4
[2022-08-14T00:13:40.474+0530][4.481s] GC(3) Metaspace: 21325K(21504K)->21325K(21504K) NonClass: 18914K(19008K)->18914K(19008K) Class: 2410K(2496K)->2410K(2496K)
[2022-08-14T00:13:40.474+0530][4.481s] GC(3) Pause Young (Concurrent Start) (Metadata GC Threshold) 50M->24M(512M) 4.069ms
[2022-08-14T00:13:40.475+0530][4.482s] GC(3) User=0.00s Sys=0.00s Real=0.00s
[2022-08-14T00:13:40.475+0530][4.482s] GC(4) Concurrent Mark Cycle
[2022-08-14T00:13:40.475+0530][4.482s] GC(4) Concurrent Clear Claimed Marks
[2022-08-14T00:13:40.475+0530][4.482s] GC(4) Concurrent Clear Claimed Marks 0.049ms
[2022-08-14T00:13:40.475+0530][4.482s] GC(4) Concurrent Scan Root Regions
[2022-08-14T00:13:40.476+0530][4.484s] GC(4) Concurrent Scan Root Regions 1.654ms
[2022-08-14T00:13:40.477+0530][4.484s] GC(4) Concurrent Mark
[2022-08-14T00:13:40.477+0530][4.484s] GC(4) Concurrent Mark From Roots
[2022-08-14T00:13:40.477+0530][4.484s] GC(4) Using 1 workers of 1 for marking
[2022-08-14T00:13:40.520+0530][4.527s] GC(4) Concurrent Mark From Roots 42.921ms
[2022-08-14T00:13:40.520+0530][4.527s] GC(4) Concurrent Preclean
[2022-08-14T00:13:40.520+0530][4.527s] GC(4) Concurrent Preclean 0.317ms
[2022-08-14T00:13:40.520+0530][4.527s] GC(4) Pause Remark
[2022-08-14T00:13:40.523+0530][4.530s] GC(4) Pause Remark 27M->27M(512M) 2.445ms
[2022-08-14T00:13:40.523+0530][4.530s] GC(4) User=0.00s Sys=0.00s Real=0.00s
[2022-08-14T00:13:40.523+0530][4.530s] GC(4) Concurrent Mark 46.406ms
[2022-08-14T00:13:40.523+0530][4.530s] GC(4) Concurrent Rebuild Remembered Sets
[2022-08-14T00:13:40.549+0530][4.556s] GC(4) Concurrent Rebuild Remembered Sets 25.719ms
[2022-08-14T00:13:40.549+0530][4.556s] GC(4) Pause Cleanup
[2022-08-14T00:13:40.549+0530][4.556s] GC(4) Pause Cleanup 28M->28M(512M) 0.128ms
[2022-08-14T00:13:40.549+0530][4.556s] GC(4) User=0.00s Sys=0.00s Real=0.00s
[2022-08-14T00:13:40.550+0530][4.557s] GC(4) Concurrent Cleanup for Next Mark
[2022-08-14T00:13:40.551+0530][4.558s] GC(4) Concurrent Cleanup for Next Mark 1.264ms
[2022-08-14T00:13:40.551+0530][4.558s] GC(4) Concurrent Mark Cycle 76.173ms
[2022-08-14T00:13:43.709+0530][7.716s] GC(5) Pause Young (Concurrent Start) (Metadata GC Threshold)
[2022-08-14T00:13:43.709+0530][7.716s] GC(5) Using 4 workers of 4 for evacuation
[2022-08-14T00:13:43.721+0530][7.727s] GC(5)   Pre Evacuate Collection Set: 0.1ms
[2022-08-14T00:13:43.721+0530][7.727s] GC(5)   Merge Heap Roots: 0.1ms
[2022-08-14T00:13:43.721+0530][7.728s] GC(5)   Evacuate Collection Set: 10.2ms
[2022-08-14T00:13:43.721+0530][7.728s] GC(5)   Post Evacuate Collection Set: 1.1ms
[2022-08-14T00:13:43.721+0530][7.728s] GC(5)   Other: 0.3ms
[2022-08-14T00:13:43.721+0530][7.728s] GC(5) Eden regions: 110->0(293)
[2022-08-14T00:13:43.721+0530][7.728s] GC(5) Survivor regions: 6->14(21)
[2022-08-14T00:13:43.722+0530][7.728s] GC(5) Old regions: 15->15
[2022-08-14T00:13:43.722+0530][7.728s] GC(5) Archive regions: 0->0
[2022-08-14T00:13:43.722+0530][7.728s] GC(5) Humongous regions: 4->4
[2022-08-14T00:13:43.722+0530][7.728s] GC(5) Metaspace: 36484K(36736K)->36484K(36736K) NonClass: 32395K(32512K)->32395K(32512K) Class: 4088K(4224K)->4088K(4224K)
[2022-08-14T00:13:43.722+0530][7.728s] GC(5) Pause Young (Concurrent Start) (Metadata GC Threshold) 134M->32M(512M) 12.587ms
[2022-08-14T00:13:43.722+0530][7.728s] GC(5) User=0.06s Sys=0.00s Real=0.01s
[2022-08-14T00:13:43.722+0530][7.728s] GC(6) Concurrent Mark Cycle
[2022-08-14T00:13:43.722+0530][7.729s] GC(6) Concurrent Clear Claimed Marks
[2022-08-14T00:13:43.722+0530][7.729s] GC(6) Concurrent Clear Claimed Marks 0.042ms
[2022-08-14T00:13:43.722+0530][7.729s] GC(6) Concurrent Scan Root Regions
[2022-08-14T00:13:43.732+0530][7.739s] GC(6) Concurrent Scan Root Regions 9.926ms
[2022-08-14T00:13:43.732+0530][7.739s] GC(6) Concurrent Mark
[2022-08-14T00:13:43.732+0530][7.739s] GC(6) Concurrent Mark From Roots
[2022-08-14T00:13:43.732+0530][7.739s] GC(6) Using 1 workers of 1 for marking
[2022-08-14T00:13:43.778+0530][7.784s] GC(6) Concurrent Mark From Roots 45.693ms
[2022-08-14T00:13:43.778+0530][7.784s] GC(6) Concurrent Preclean
[2022-08-14T00:13:43.778+0530][7.785s] GC(6) Concurrent Preclean 0.191ms
[2022-08-14T00:13:43.779+0530][7.786s] GC(6) Pause Remark
[2022-08-14T00:13:43.783+0530][7.789s] GC(6) Pause Remark 38M->38M(512M) 3.461ms
[2022-08-14T00:13:43.783+0530][7.789s] GC(6) User=0.00s Sys=0.00s Real=0.00s
[2022-08-14T00:13:43.783+0530][7.790s] GC(6) Concurrent Mark 50.879ms
[2022-08-14T00:13:43.783+0530][7.790s] GC(6) Concurrent Rebuild Remembered Sets
[2022-08-14T00:13:43.803+0530][7.810s] GC(6) Concurrent Rebuild Remembered Sets 20.053ms
[2022-08-14T00:13:43.804+0530][7.810s] GC(6) Pause Cleanup
[2022-08-14T00:13:43.804+0530][7.810s] GC(6) Pause Cleanup 39M->39M(512M) 0.165ms
[2022-08-14T00:13:43.804+0530][7.810s] GC(6) User=0.00s Sys=0.00s Real=0.00s
[2022-08-14T00:13:43.804+0530][7.811s] GC(6) Concurrent Cleanup for Next Mark
[2022-08-14T00:13:43.805+0530][7.811s] GC(6) Concurrent Cleanup for Next Mark 0.757ms
[2022-08-14T00:13:43.805+0530][7.811s] GC(6) Concurrent Mark Cycle 82.951ms
[2022-08-14T00:14:22.621+0530][46.627s] Heap
[2022-08-14T00:14:22.621+0530][46.627s]  garbage-first heap   total 524288K, used 181480K [0x00000000e0000000, 0x0000000100000000)
[2022-08-14T00:14:22.621+0530][46.627s]   region size 1024K, 158 young (161792K), 14 survivors (14336K)
[2022-08-14T00:14:22.621+0530][46.627s]  Metaspace       used 52664K, committed 52928K, reserved 1097728K
[2022-08-14T00:14:22.621+0530][46.627s]   class space    used 6197K, committed 6336K, reserved 1048576K
