[2022-07-23T13:17:19.583+0530][0.029s] Using G1
[2022-07-23T13:17:20.079+0530][0.525s] Version: 17.0.3.1+2-LTS-6 (release)
[2022-07-23T13:17:20.079+0530][0.525s] CPUs: 4 total, 4 available
[2022-07-23T13:17:20.079+0530][0.525s] Memory: 8082M
[2022-07-23T13:17:20.079+0530][0.525s] Large Page Support: Disabled
[2022-07-23T13:17:20.079+0530][0.525s] NUMA Support: Disabled
[2022-07-23T13:17:20.079+0530][0.525s] Compressed Oops: Enabled (32-bit)
[2022-07-23T13:17:20.079+0530][0.525s] Heap Region Size: 1M
[2022-07-23T13:17:20.079+0530][0.525s] Heap Min Capacity: 512M
[2022-07-23T13:17:20.079+0530][0.525s] Heap Initial Capacity: 512M
[2022-07-23T13:17:20.079+0530][0.525s] Heap Max Capacity: 512M
[2022-07-23T13:17:20.079+0530][0.525s] Pre-touch: Enabled
[2022-07-23T13:17:20.080+0530][0.526s] Parallel Workers: 4
[2022-07-23T13:17:20.080+0530][0.526s] Concurrent Workers: 1
[2022-07-23T13:17:20.080+0530][0.526s] Concurrent Refinement Workers: 4
[2022-07-23T13:17:20.080+0530][0.526s] Periodic GC: Disabled
[2022-07-23T13:17:20.082+0530][0.528s] CDS archive(s) mapped at: [0x0000000800000000-0x0000000800bc0000-0x0000000800bc0000), size 12320768, SharedBaseAddress: 0x0000000800000000, ArchiveRelocationMode: 0.
[2022-07-23T13:17:20.082+0530][0.528s] Compressed class space mapped at: 0x0000000800c00000-0x0000000840c00000, reserved size: 1073741824
[2022-07-23T13:17:20.082+0530][0.528s] Narrow klass base: 0x0000000800000000, Narrow klass shift: 0, Narrow klass range: 0x100000000
[2022-07-23T13:17:21.857+0530][2.303s] GC(0) Pause Young (Normal) (G1 Evacuation Pause)
[2022-07-23T13:17:21.857+0530][2.304s] GC(0) Using 4 workers of 4 for evacuation
[2022-07-23T13:17:21.865+0530][2.311s] GC(0)   Pre Evacuate Collection Set: 0.1ms
[2022-07-23T13:17:21.865+0530][2.311s] GC(0)   Merge Heap Roots: 0.1ms
[2022-07-23T13:17:21.865+0530][2.312s] GC(0)   Evacuate Collection Set: 6.9ms
[2022-07-23T13:17:21.865+0530][2.312s] GC(0)   Post Evacuate Collection Set: 0.6ms
[2022-07-23T13:17:21.866+0530][2.312s] GC(0)   Other: 0.5ms
[2022-07-23T13:17:21.866+0530][2.312s] GC(0) Eden regions: 25->0(26)
[2022-07-23T13:17:21.866+0530][2.312s] GC(0) Survivor regions: 0->4(4)
[2022-07-23T13:17:21.866+0530][2.312s] GC(0) Old regions: 0->1
[2022-07-23T13:17:21.866+0530][2.312s] GC(0) Archive regions: 0->0
[2022-07-23T13:17:21.866+0530][2.312s] GC(0) Humongous regions: 0->0
[2022-07-23T13:17:21.866+0530][2.312s] GC(0) Metaspace: 9402K(9536K)->9402K(9536K) NonClass: 8306K(8384K)->8306K(8384K) Class: 1095K(1152K)->1095K(1152K)
[2022-07-23T13:17:21.866+0530][2.312s] GC(0) Pause Young (Normal) (G1 Evacuation Pause) 25M->4M(512M) 8.593ms
[2022-07-23T13:17:21.866+0530][2.312s] GC(0) User=0.00s Sys=0.00s Real=0.01s
[2022-07-23T13:17:22.713+0530][3.159s] GC(1) Pause Young (Normal) (G1 Evacuation Pause)
[2022-07-23T13:17:22.713+0530][3.159s] GC(1) Using 4 workers of 4 for evacuation
[2022-07-23T13:17:22.728+0530][3.174s] GC(1)   Pre Evacuate Collection Set: 0.1ms
[2022-07-23T13:17:22.728+0530][3.174s] GC(1)   Merge Heap Roots: 0.1ms
[2022-07-23T13:17:22.728+0530][3.174s] GC(1)   Evacuate Collection Set: 14.2ms
[2022-07-23T13:17:22.728+0530][3.174s] GC(1)   Post Evacuate Collection Set: 0.6ms
[2022-07-23T13:17:22.728+0530][3.174s] GC(1)   Other: 0.2ms
[2022-07-23T13:17:22.728+0530][3.174s] GC(1) Eden regions: 24->0(31)
[2022-07-23T13:17:22.728+0530][3.174s] GC(1) Survivor regions: 4->4(4)
[2022-07-23T13:17:22.728+0530][3.174s] GC(1) Old regions: 1->10
[2022-07-23T13:17:22.729+0530][3.174s] GC(1) Archive regions: 0->0
[2022-07-23T13:17:22.729+0530][3.174s] GC(1) Humongous regions: 4->4
[2022-07-23T13:17:22.729+0530][3.174s] GC(1) Metaspace: 14938K(15168K)->14938K(15168K) NonClass: 13183K(13312K)->13183K(13312K) Class: 1755K(1856K)->1755K(1856K)
[2022-07-23T13:17:22.729+0530][3.174s] GC(1) Pause Young (Normal) (G1 Evacuation Pause) 32M->17M(512M) 15.520ms
[2022-07-23T13:17:22.729+0530][3.174s] GC(1) User=0.06s Sys=0.00s Real=0.02s
[2022-07-23T13:17:23.436+0530][3.882s] GC(2) Pause Young (Normal) (G1 Evacuation Pause)
[2022-07-23T13:17:23.436+0530][3.882s] GC(2) Using 4 workers of 4 for evacuation
[2022-07-23T13:17:23.441+0530][3.887s] GC(2)   Pre Evacuate Collection Set: 0.1ms
[2022-07-23T13:17:23.441+0530][3.887s] GC(2)   Merge Heap Roots: 0.0ms
[2022-07-23T13:17:23.441+0530][3.887s] GC(2)   Evacuate Collection Set: 4.6ms
[2022-07-23T13:17:23.441+0530][3.887s] GC(2)   Post Evacuate Collection Set: 0.5ms
[2022-07-23T13:17:23.441+0530][3.887s] GC(2)   Other: 0.3ms
[2022-07-23T13:17:23.441+0530][3.887s] GC(2) Eden regions: 31->0(91)
[2022-07-23T13:17:23.441+0530][3.887s] GC(2) Survivor regions: 4->5(5)
[2022-07-23T13:17:23.441+0530][3.887s] GC(2) Old regions: 10->15
[2022-07-23T13:17:23.442+0530][3.887s] GC(2) Archive regions: 0->0
[2022-07-23T13:17:23.442+0530][3.887s] GC(2) Humongous regions: 4->4
[2022-07-23T13:17:23.442+0530][3.887s] GC(2) Metaspace: 15978K(16256K)->15978K(16256K) NonClass: 14118K(14272K)->14118K(14272K) Class: 1859K(1984K)->1859K(1984K)
[2022-07-23T13:17:23.442+0530][3.887s] GC(2) Pause Young (Normal) (G1 Evacuation Pause) 48M->23M(512M) 5.810ms
[2022-07-23T13:17:23.442+0530][3.887s] GC(2) User=0.00s Sys=0.00s Real=0.01s
[2022-07-23T13:17:23.985+0530][4.431s] GC(3) Pause Young (Concurrent Start) (Metadata GC Threshold)
[2022-07-23T13:17:23.985+0530][4.431s] GC(3) Using 4 workers of 4 for evacuation
[2022-07-23T13:17:23.988+0530][4.434s] GC(3)   Pre Evacuate Collection Set: 0.1ms
[2022-07-23T13:17:23.988+0530][4.435s] GC(3)   Merge Heap Roots: 0.2ms
[2022-07-23T13:17:23.988+0530][4.435s] GC(3)   Evacuate Collection Set: 2.5ms
[2022-07-23T13:17:23.988+0530][4.435s] GC(3)   Post Evacuate Collection Set: 0.3ms
[2022-07-23T13:17:23.988+0530][4.435s] GC(3)   Other: 0.2ms
[2022-07-23T13:17:23.988+0530][4.435s] GC(3) Eden regions: 27->0(158)
[2022-07-23T13:17:23.988+0530][4.435s] GC(3) Survivor regions: 5->6(12)
[2022-07-23T13:17:23.988+0530][4.435s] GC(3) Old regions: 15->15
[2022-07-23T13:17:23.988+0530][4.435s] GC(3) Archive regions: 0->0
[2022-07-23T13:17:23.988+0530][4.435s] GC(3) Humongous regions: 4->4
[2022-07-23T13:17:23.988+0530][4.435s] GC(3) Metaspace: 21329K(21504K)->21329K(21504K) NonClass: 18921K(19008K)->18921K(19008K) Class: 2407K(2496K)->2407K(2496K)
[2022-07-23T13:17:23.989+0530][4.435s] GC(3) Pause Young (Concurrent Start) (Metadata GC Threshold) 49M->24M(512M) 3.718ms
[2022-07-23T13:17:23.989+0530][4.435s] GC(3) User=0.00s Sys=0.00s Real=0.00s
[2022-07-23T13:17:23.989+0530][4.435s] GC(4) Concurrent Mark Cycle
[2022-07-23T13:17:23.989+0530][4.435s] GC(4) Concurrent Clear Claimed Marks
[2022-07-23T13:17:23.989+0530][4.435s] GC(4) Concurrent Clear Claimed Marks 0.036ms
[2022-07-23T13:17:23.989+0530][4.435s] GC(4) Concurrent Scan Root Regions
[2022-07-23T13:17:23.990+0530][4.437s] GC(4) Concurrent Scan Root Regions 1.400ms
[2022-07-23T13:17:23.990+0530][4.437s] GC(4) Concurrent Mark
[2022-07-23T13:17:23.990+0530][4.437s] GC(4) Concurrent Mark From Roots
[2022-07-23T13:17:23.991+0530][4.437s] GC(4) Using 1 workers of 1 for marking
[2022-07-23T13:17:24.038+0530][4.484s] GC(4) Concurrent Mark From Roots 47.312ms
[2022-07-23T13:17:24.038+0530][4.484s] GC(4) Concurrent Preclean
[2022-07-23T13:17:24.038+0530][4.484s] GC(4) Concurrent Preclean 0.282ms
[2022-07-23T13:17:24.038+0530][4.485s] GC(4) Pause Remark
[2022-07-23T13:17:24.041+0530][4.487s] GC(4) Pause Remark 28M->28M(512M) 2.488ms
[2022-07-23T13:17:24.041+0530][4.487s] GC(4) User=0.00s Sys=0.00s Real=0.00s
[2022-07-23T13:17:24.041+0530][4.487s] GC(4) Concurrent Mark 50.619ms
[2022-07-23T13:17:24.041+0530][4.487s] GC(4) Concurrent Rebuild Remembered Sets
[2022-07-23T13:17:24.060+0530][4.506s] GC(4) Concurrent Rebuild Remembered Sets 18.723ms
[2022-07-23T13:17:24.060+0530][4.506s] GC(4) Pause Cleanup
[2022-07-23T13:17:24.060+0530][4.506s] GC(4) Pause Cleanup 29M->29M(512M) 0.114ms
[2022-07-23T13:17:24.060+0530][4.506s] GC(4) User=0.00s Sys=0.00s Real=0.00s
[2022-07-23T13:17:24.060+0530][4.507s] GC(4) Concurrent Cleanup for Next Mark
[2022-07-23T13:17:24.061+0530][4.507s] GC(4) Concurrent Cleanup for Next Mark 0.826ms
[2022-07-23T13:17:24.061+0530][4.507s] GC(4) Concurrent Mark Cycle 72.274ms
[2022-07-23T13:17:27.265+0530][7.710s] GC(5) Pause Young (Prepare Mixed) (Metadata GC Threshold)
[2022-07-23T13:17:27.265+0530][7.710s] GC(5) Using 4 workers of 4 for evacuation
[2022-07-23T13:17:27.275+0530][7.721s] GC(5)   Pre Evacuate Collection Set: 0.1ms
[2022-07-23T13:17:27.275+0530][7.721s] GC(5)   Merge Heap Roots: 0.1ms
[2022-07-23T13:17:27.275+0530][7.721s] GC(5)   Evacuate Collection Set: 9.8ms
[2022-07-23T13:17:27.275+0530][7.721s] GC(5)   Post Evacuate Collection Set: 0.8ms
[2022-07-23T13:17:27.275+0530][7.721s] GC(5)   Other: 0.2ms
[2022-07-23T13:17:27.275+0530][7.721s] GC(5) Eden regions: 104->0(10)
[2022-07-23T13:17:27.275+0530][7.721s] GC(5) Survivor regions: 6->15(23)
[2022-07-23T13:17:27.275+0530][7.721s] GC(5) Old regions: 15->15
[2022-07-23T13:17:27.275+0530][7.722s] GC(5) Archive regions: 0->0
[2022-07-23T13:17:27.275+0530][7.722s] GC(5) Humongous regions: 4->4
[2022-07-23T13:17:27.275+0530][7.722s] GC(5) Metaspace: 36857K(37056K)->36857K(37056K) NonClass: 32733K(32832K)->32733K(32832K) Class: 4124K(4224K)->4124K(4224K)
[2022-07-23T13:17:27.275+0530][7.722s] GC(5) Pause Young (Prepare Mixed) (Metadata GC Threshold) 127M->32M(512M) 11.393ms
[2022-07-23T13:17:27.275+0530][7.722s] GC(5) User=0.00s Sys=0.00s Real=0.01s
[2022-07-23T13:17:27.302+0530][7.749s] GC(6) Pause Young (Mixed) (Metadata GC Threshold)
[2022-07-23T13:17:27.302+0530][7.749s] GC(6) Using 4 workers of 4 for evacuation
[2022-07-23T13:17:27.312+0530][7.759s] GC(6)   Pre Evacuate Collection Set: 0.1ms
[2022-07-23T13:17:27.313+0530][7.759s] GC(6)   Merge Heap Roots: 0.1ms
[2022-07-23T13:17:27.313+0530][7.759s] GC(6)   Evacuate Collection Set: 9.2ms
[2022-07-23T13:17:27.313+0530][7.759s] GC(6)   Post Evacuate Collection Set: 0.6ms
[2022-07-23T13:17:27.313+0530][7.759s] GC(6)   Other: 0.2ms
[2022-07-23T13:17:27.313+0530][7.759s] GC(6) Eden regions: 2->0(305)
[2022-07-23T13:17:27.313+0530][7.759s] GC(6) Survivor regions: 15->2(4)
[2022-07-23T13:17:27.313+0530][7.759s] GC(6) Old regions: 15->29
[2022-07-23T13:17:27.313+0530][7.759s] GC(6) Archive regions: 0->0
[2022-07-23T13:17:27.313+0530][7.759s] GC(6) Humongous regions: 4->4
[2022-07-23T13:17:27.313+0530][7.759s] GC(6) Metaspace: 37105K(37376K)->37105K(37376K) NonClass: 32952K(33088K)->32952K(33088K) Class: 4153K(4288K)->4153K(4288K)
[2022-07-23T13:17:27.313+0530][7.759s] GC(6) Pause Young (Mixed) (Metadata GC Threshold) 34M->33M(512M) 10.514ms
[2022-07-23T13:17:27.313+0530][7.759s] GC(6) User=0.06s Sys=0.00s Real=0.01s
[2022-07-23T13:17:27.380+0530][7.826s] GC(7) Pause Young (Concurrent Start) (Metadata GC Threshold)
[2022-07-23T13:17:27.380+0530][7.827s] GC(7) Using 4 workers of 4 for evacuation
[2022-07-23T13:17:27.382+0530][7.828s] GC(7)   Pre Evacuate Collection Set: 0.1ms
[2022-07-23T13:17:27.382+0530][7.828s] GC(7)   Merge Heap Roots: 0.0ms
[2022-07-23T13:17:27.382+0530][7.828s] GC(7)   Evacuate Collection Set: 0.9ms
[2022-07-23T13:17:27.382+0530][7.828s] GC(7)   Post Evacuate Collection Set: 0.5ms
[2022-07-23T13:17:27.382+0530][7.828s] GC(7)   Other: 0.2ms
[2022-07-23T13:17:27.382+0530][7.828s] GC(7) Eden regions: 6->0(306)
[2022-07-23T13:17:27.382+0530][7.828s] GC(7) Survivor regions: 2->1(39)
[2022-07-23T13:17:27.382+0530][7.828s] GC(7) Old regions: 29->29
[2022-07-23T13:17:27.382+0530][7.828s] GC(7) Archive regions: 0->0
[2022-07-23T13:17:27.382+0530][7.828s] GC(7) Humongous regions: 4->4
[2022-07-23T13:17:27.382+0530][7.828s] GC(7) Metaspace: 37430K(37696K)->37430K(37696K) NonClass: 33235K(33344K)->33235K(33344K) Class: 4194K(4352K)->4194K(4352K)
[2022-07-23T13:17:27.382+0530][7.829s] GC(7) Pause Young (Concurrent Start) (Metadata GC Threshold) 39M->32M(512M) 2.102ms
[2022-07-23T13:17:27.382+0530][7.829s] GC(7) User=0.00s Sys=0.00s Real=0.00s
[2022-07-23T13:17:27.382+0530][7.829s] GC(8) Concurrent Mark Cycle
[2022-07-23T13:17:27.382+0530][7.829s] GC(8) Concurrent Clear Claimed Marks
[2022-07-23T13:17:27.382+0530][7.829s] GC(8) Concurrent Clear Claimed Marks 0.042ms
[2022-07-23T13:17:27.383+0530][7.829s] GC(8) Concurrent Scan Root Regions
[2022-07-23T13:17:27.383+0530][7.830s] GC(8) Concurrent Scan Root Regions 0.814ms
[2022-07-23T13:17:27.383+0530][7.830s] GC(8) Concurrent Mark
[2022-07-23T13:17:27.383+0530][7.830s] GC(8) Concurrent Mark From Roots
[2022-07-23T13:17:27.383+0530][7.830s] GC(8) Using 1 workers of 1 for marking
[2022-07-23T13:17:27.457+0530][7.903s] GC(8) Concurrent Mark From Roots 73.024ms
[2022-07-23T13:17:27.457+0530][7.903s] GC(8) Concurrent Preclean
[2022-07-23T13:17:27.457+0530][7.903s] GC(8) Concurrent Preclean 0.231ms
[2022-07-23T13:17:27.457+0530][7.903s] GC(8) Pause Remark
[2022-07-23T13:17:27.463+0530][7.910s] GC(8) Pause Remark 35M->35M(512M) 6.367ms
[2022-07-23T13:17:27.464+0530][7.910s] GC(8) User=0.00s Sys=0.00s Real=0.01s
[2022-07-23T13:17:27.464+0530][7.910s] GC(8) Concurrent Mark 80.006ms
[2022-07-23T13:17:27.464+0530][7.910s] GC(8) Concurrent Rebuild Remembered Sets
[2022-07-23T13:17:27.495+0530][7.941s] GC(8) Concurrent Rebuild Remembered Sets 31.394ms
[2022-07-23T13:17:27.495+0530][7.941s] GC(8) Pause Cleanup
[2022-07-23T13:17:27.496+0530][7.942s] GC(8) Pause Cleanup 38M->38M(512M) 0.162ms
[2022-07-23T13:17:27.496+0530][7.942s] GC(8) User=0.00s Sys=0.00s Real=0.00s
[2022-07-23T13:17:27.496+0530][7.942s] GC(8) Concurrent Cleanup for Next Mark
[2022-07-23T13:17:27.496+0530][7.942s] GC(8) Concurrent Cleanup for Next Mark 0.705ms
[2022-07-23T13:17:27.497+0530][7.943s] GC(8) Concurrent Mark Cycle 113.906ms
[2022-07-23T19:41:49.186+0530][23069.648s] GC(9) Pause Young (Concurrent Start) (G1 Evacuation Pause)
[2022-07-23T19:41:49.187+0530][23069.649s] GC(9) Using 4 workers of 4 for evacuation
[2022-07-23T19:41:49.532+0530][23069.994s] GC(9) MMU target violated: 251.0ms (250.0ms/251.0ms)
[2022-07-23T19:41:49.532+0530][23069.994s] GC(9)   Pre Evacuate Collection Set: 6.4ms
[2022-07-23T19:41:49.532+0530][23069.994s] GC(9)   Merge Heap Roots: 1.6ms
[2022-07-23T19:41:49.532+0530][23069.994s] GC(9)   Evacuate Collection Set: 283.6ms
[2022-07-23T19:41:49.532+0530][23069.994s] GC(9)   Post Evacuate Collection Set: 51.2ms
[2022-07-23T19:41:49.532+0530][23069.994s] GC(9)   Other: 5.5ms
[2022-07-23T19:41:49.532+0530][23069.994s] GC(9) Eden regions: 306->0(74)
[2022-07-23T19:41:49.532+0530][23069.994s] GC(9) Survivor regions: 1->11(39)
[2022-07-23T19:41:49.533+0530][23069.995s] GC(9) Old regions: 29->29
[2022-07-23T19:41:49.533+0530][23069.995s] GC(9) Archive regions: 0->0
[2022-07-23T19:41:49.533+0530][23069.995s] GC(9) Humongous regions: 5->4
[2022-07-23T19:41:49.533+0530][23069.995s] GC(9) Metaspace: 54676K(55040K)->54676K(55040K) NonClass: 48357K(48512K)->48357K(48512K) Class: 6319K(6528K)->6319K(6528K)
[2022-07-23T19:41:49.533+0530][23069.995s] GC(9) Pause Young (Concurrent Start) (G1 Evacuation Pause) 339M->42M(512M) 346.667ms
[2022-07-23T19:41:49.533+0530][23069.995s] GC(9) User=0.17s Sys=0.39s Real=0.35s
[2022-07-23T19:41:49.534+0530][23069.996s] GC(10) Concurrent Mark Cycle
[2022-07-23T19:41:49.534+0530][23069.996s] GC(10) Concurrent Clear Claimed Marks
[2022-07-23T19:41:49.534+0530][23069.996s] GC(10) Concurrent Clear Claimed Marks 0.455ms
[2022-07-23T19:41:49.534+0530][23069.996s] GC(10) Concurrent Scan Root Regions
[2022-07-23T19:41:49.590+0530][23070.052s] GC(10) Concurrent Scan Root Regions 55.672ms
[2022-07-23T19:41:49.590+0530][23070.052s] GC(10) Concurrent Mark
[2022-07-23T19:41:49.590+0530][23070.052s] GC(10) Concurrent Mark From Roots
[2022-07-23T19:41:49.590+0530][23070.052s] GC(10) Using 1 workers of 1 for marking
[2022-07-23T19:41:49.769+0530][23070.230s] GC(10) Concurrent Mark From Roots 178.283ms
[2022-07-23T19:41:49.769+0530][23070.231s] GC(10) Concurrent Preclean
[2022-07-23T19:41:49.769+0530][23070.231s] GC(10) Concurrent Preclean 0.591ms
[2022-07-23T19:41:49.769+0530][23070.231s] GC(10) Pause Remark
[2022-07-23T19:41:50.030+0530][23070.491s] GC(10) MMU target violated: 251.0ms (250.0ms/251.0ms)
[2022-07-23T19:41:50.030+0530][23070.491s] GC(10) Pause Remark 43M->43M(512M) 260.079ms
[2022-07-23T19:41:50.030+0530][23070.491s] GC(10) User=0.03s Sys=0.16s Real=0.26s
[2022-07-23T19:41:50.030+0530][23070.492s] GC(10) Concurrent Mark 439.473ms
[2022-07-23T19:41:50.030+0530][23070.492s] GC(10) Concurrent Rebuild Remembered Sets
[2022-07-23T19:41:50.089+0530][23070.552s] GC(10) Concurrent Rebuild Remembered Sets 60.009ms
[2022-07-23T19:41:50.100+0530][23070.562s] GC(10) Pause Cleanup
[2022-07-23T19:41:50.100+0530][23070.562s] GC(10) Pause Cleanup 43M->43M(512M) 0.303ms
[2022-07-23T19:41:50.100+0530][23070.562s] GC(10) User=0.00s Sys=0.00s Real=0.00s
[2022-07-23T19:41:50.100+0530][23070.563s] GC(10) Concurrent Cleanup for Next Mark
[2022-07-23T19:41:50.109+0530][23070.571s] GC(10) Concurrent Cleanup for Next Mark 8.615ms
[2022-07-23T19:41:50.109+0530][23070.571s] GC(10) Concurrent Mark Cycle 575.913ms
[2022-07-23T20:39:29.550+0530][26530.011s] GC(11) Pause Young (Normal) (G1 Evacuation Pause)
[2022-07-23T20:39:29.550+0530][26530.012s] GC(11) Using 4 workers of 4 for evacuation
[2022-07-23T20:39:29.584+0530][26530.047s] GC(11)   Pre Evacuate Collection Set: 0.7ms
[2022-07-23T20:39:29.584+0530][26530.047s] GC(11)   Merge Heap Roots: 0.3ms
[2022-07-23T20:39:29.584+0530][26530.047s] GC(11)   Evacuate Collection Set: 32.6ms
[2022-07-23T20:39:29.584+0530][26530.047s] GC(11)   Post Evacuate Collection Set: 1.8ms
[2022-07-23T20:39:29.585+0530][26530.047s] GC(11)   Other: 0.3ms
[2022-07-23T20:39:29.585+0530][26530.047s] GC(11) Eden regions: 69->0(305)
[2022-07-23T20:39:29.585+0530][26530.047s] GC(11) Survivor regions: 11->2(10)
[2022-07-23T20:39:29.585+0530][26530.047s] GC(11) Old regions: 29->39
[2022-07-23T20:39:29.585+0530][26530.047s] GC(11) Archive regions: 0->0
[2022-07-23T20:39:29.585+0530][26530.047s] GC(11) Humongous regions: 4->4
[2022-07-23T20:39:29.585+0530][26530.047s] GC(11) Metaspace: 54796K(55232K)->54796K(55232K) NonClass: 48492K(48704K)->48492K(48704K) Class: 6304K(6528K)->6304K(6528K)
[2022-07-23T20:39:29.585+0530][26530.047s] GC(11) Pause Young (Normal) (G1 Evacuation Pause) 111M->43M(512M) 35.859ms
[2022-07-23T20:39:29.585+0530][26530.047s] GC(11) User=0.02s Sys=0.05s Real=0.04s
