[2022-07-21T21:57:18.436+0530][0.032s] Using G1
[2022-07-21T21:57:18.921+0530][0.517s] Version: 17.0.3.1+2-LTS-6 (release)
[2022-07-21T21:57:18.922+0530][0.517s] CPUs: 4 total, 4 available
[2022-07-21T21:57:18.922+0530][0.518s] Memory: 8082M
[2022-07-21T21:57:18.922+0530][0.518s] Large Page Support: Disabled
[2022-07-21T21:57:18.922+0530][0.518s] NUMA Support: Disabled
[2022-07-21T21:57:18.922+0530][0.518s] Compressed Oops: Enabled (32-bit)
[2022-07-21T21:57:18.922+0530][0.518s] Heap Region Size: 1M
[2022-07-21T21:57:18.922+0530][0.518s] Heap Min Capacity: 512M
[2022-07-21T21:57:18.922+0530][0.518s] Heap Initial Capacity: 512M
[2022-07-21T21:57:18.922+0530][0.518s] Heap Max Capacity: 512M
[2022-07-21T21:57:18.922+0530][0.518s] Pre-touch: Enabled
[2022-07-21T21:57:18.922+0530][0.518s] Parallel Workers: 4
[2022-07-21T21:57:18.922+0530][0.518s] Concurrent Workers: 1
[2022-07-21T21:57:18.922+0530][0.518s] Concurrent Refinement Workers: 4
[2022-07-21T21:57:18.922+0530][0.518s] Periodic GC: Disabled
[2022-07-21T21:57:18.924+0530][0.520s] CDS archive(s) mapped at: [0x0000000800000000-0x0000000800bc0000-0x0000000800bc0000), size 12320768, SharedBaseAddress: 0x0000000800000000, ArchiveRelocationMode: 0.
[2022-07-21T21:57:18.924+0530][0.520s] Compressed class space mapped at: 0x0000000800c00000-0x0000000840c00000, reserved size: 1073741824
[2022-07-21T21:57:18.924+0530][0.520s] Narrow klass base: 0x0000000800000000, Narrow klass shift: 0, Narrow klass range: 0x100000000
[2022-07-21T21:57:23.396+0530][4.992s] GC(0) Pause Young (Normal) (G1 Evacuation Pause)
[2022-07-21T21:57:23.397+0530][4.993s] GC(0) Using 4 workers of 4 for evacuation
[2022-07-21T21:57:23.409+0530][5.004s] GC(0)   Pre Evacuate Collection Set: 0.1ms
[2022-07-21T21:57:23.409+0530][5.005s] GC(0)   Merge Heap Roots: 0.4ms
[2022-07-21T21:57:23.409+0530][5.005s] GC(0)   Evacuate Collection Set: 8.7ms
[2022-07-21T21:57:23.409+0530][5.005s] GC(0)   Post Evacuate Collection Set: 1.3ms
[2022-07-21T21:57:23.409+0530][5.005s] GC(0)   Other: 1.6ms
[2022-07-21T21:57:23.409+0530][5.005s] GC(0) Eden regions: 25->0(26)
[2022-07-21T21:57:23.409+0530][5.005s] GC(0) Survivor regions: 0->4(4)
[2022-07-21T21:57:23.409+0530][5.005s] GC(0) Old regions: 0->1
[2022-07-21T21:57:23.409+0530][5.005s] GC(0) Archive regions: 0->0
[2022-07-21T21:57:23.409+0530][5.005s] GC(0) Humongous regions: 0->0
[2022-07-21T21:57:23.409+0530][5.005s] GC(0) Metaspace: 9304K(9472K)->9304K(9472K) NonClass: 8221K(8320K)->8221K(8320K) Class: 1083K(1152K)->1083K(1152K)
[2022-07-21T21:57:23.410+0530][5.006s] GC(0) Pause Young (Normal) (G1 Evacuation Pause) 25M->4M(512M) 13.208ms
[2022-07-21T21:57:23.410+0530][5.006s] GC(0) User=0.03s Sys=0.00s Real=0.01s
[2022-07-21T21:57:24.498+0530][6.094s] GC(1) Pause Young (Normal) (G1 Evacuation Pause)
[2022-07-21T21:57:24.498+0530][6.094s] GC(1) Using 4 workers of 4 for evacuation
[2022-07-21T21:57:24.512+0530][6.108s] GC(1)   Pre Evacuate Collection Set: 0.1ms
[2022-07-21T21:57:24.512+0530][6.108s] GC(1)   Merge Heap Roots: 0.1ms
[2022-07-21T21:57:24.512+0530][6.108s] GC(1)   Evacuate Collection Set: 12.8ms
[2022-07-21T21:57:24.512+0530][6.108s] GC(1)   Post Evacuate Collection Set: 0.6ms
[2022-07-21T21:57:24.512+0530][6.108s] GC(1)   Other: 0.2ms
[2022-07-21T21:57:24.512+0530][6.108s] GC(1) Eden regions: 24->0(31)
[2022-07-21T21:57:24.512+0530][6.108s] GC(1) Survivor regions: 4->4(4)
[2022-07-21T21:57:24.512+0530][6.108s] GC(1) Old regions: 1->10
[2022-07-21T21:57:24.512+0530][6.108s] GC(1) Archive regions: 0->0
[2022-07-21T21:57:24.512+0530][6.108s] GC(1) Humongous regions: 4->4
[2022-07-21T21:57:24.512+0530][6.108s] GC(1) Metaspace: 14999K(15168K)->14999K(15168K) NonClass: 13240K(13312K)->13240K(13312K) Class: 1759K(1856K)->1759K(1856K)
[2022-07-21T21:57:24.512+0530][6.108s] GC(1) Pause Young (Normal) (G1 Evacuation Pause) 32M->17M(512M) 14.097ms
[2022-07-21T21:57:24.512+0530][6.108s] GC(1) User=0.02s Sys=0.00s Real=0.01s
[2022-07-21T21:57:25.748+0530][7.344s] GC(2) Pause Young (Normal) (G1 Evacuation Pause)
[2022-07-21T21:57:25.748+0530][7.344s] GC(2) Using 4 workers of 4 for evacuation
[2022-07-21T21:57:25.755+0530][7.351s] GC(2)   Pre Evacuate Collection Set: 0.1ms
[2022-07-21T21:57:25.755+0530][7.351s] GC(2)   Merge Heap Roots: 0.1ms
[2022-07-21T21:57:25.755+0530][7.351s] GC(2)   Evacuate Collection Set: 6.2ms
[2022-07-21T21:57:25.755+0530][7.351s] GC(2)   Post Evacuate Collection Set: 0.5ms
[2022-07-21T21:57:25.755+0530][7.351s] GC(2)   Other: 0.3ms
[2022-07-21T21:57:25.755+0530][7.351s] GC(2) Eden regions: 31->0(120)
[2022-07-21T21:57:25.755+0530][7.351s] GC(2) Survivor regions: 4->5(5)
[2022-07-21T21:57:25.755+0530][7.351s] GC(2) Old regions: 10->15
[2022-07-21T21:57:25.756+0530][7.351s] GC(2) Archive regions: 0->0
[2022-07-21T21:57:25.756+0530][7.351s] GC(2) Humongous regions: 4->4
[2022-07-21T21:57:25.756+0530][7.351s] GC(2) Metaspace: 16101K(16384K)->16101K(16384K) NonClass: 14230K(14400K)->14230K(14400K) Class: 1870K(1984K)->1870K(1984K)
[2022-07-21T21:57:25.756+0530][7.352s] GC(2) Pause Young (Normal) (G1 Evacuation Pause) 48M->23M(512M) 7.830ms
[2022-07-21T21:57:25.756+0530][7.352s] GC(2) User=0.00s Sys=0.00s Real=0.01s
[2022-07-21T21:57:26.427+0530][8.022s] GC(3) Pause Young (Concurrent Start) (Metadata GC Threshold)
[2022-07-21T21:57:26.427+0530][8.023s] GC(3) Using 4 workers of 4 for evacuation
[2022-07-21T21:57:26.430+0530][8.026s] GC(3)   Pre Evacuate Collection Set: 0.1ms
[2022-07-21T21:57:26.430+0530][8.026s] GC(3)   Merge Heap Roots: 0.1ms
[2022-07-21T21:57:26.431+0530][8.026s] GC(3)   Evacuate Collection Set: 2.8ms
[2022-07-21T21:57:26.431+0530][8.026s] GC(3)   Post Evacuate Collection Set: 0.3ms
[2022-07-21T21:57:26.431+0530][8.026s] GC(3)   Other: 0.5ms
[2022-07-21T21:57:26.431+0530][8.026s] GC(3) Eden regions: 26->0(212)
[2022-07-21T21:57:26.431+0530][8.026s] GC(3) Survivor regions: 5->6(16)
[2022-07-21T21:57:26.431+0530][8.027s] GC(3) Old regions: 15->15
[2022-07-21T21:57:26.431+0530][8.027s] GC(3) Archive regions: 0->0
[2022-07-21T21:57:26.431+0530][8.027s] GC(3) Humongous regions: 4->4
[2022-07-21T21:57:26.431+0530][8.027s] GC(3) Metaspace: 21291K(21504K)->21291K(21504K) NonClass: 18896K(19008K)->18896K(19008K) Class: 2395K(2496K)->2395K(2496K)
[2022-07-21T21:57:26.431+0530][8.027s] GC(3) Pause Young (Concurrent Start) (Metadata GC Threshold) 49M->23M(512M) 4.181ms
[2022-07-21T21:57:26.431+0530][8.027s] GC(3) User=0.00s Sys=0.00s Real=0.00s
[2022-07-21T21:57:26.431+0530][8.027s] GC(4) Concurrent Mark Cycle
[2022-07-21T21:57:26.431+0530][8.027s] GC(4) Concurrent Clear Claimed Marks
[2022-07-21T21:57:26.431+0530][8.027s] GC(4) Concurrent Clear Claimed Marks 0.039ms
[2022-07-21T21:57:26.431+0530][8.027s] GC(4) Concurrent Scan Root Regions
[2022-07-21T21:57:26.433+0530][8.028s] GC(4) Concurrent Scan Root Regions 1.483ms
[2022-07-21T21:57:26.433+0530][8.028s] GC(4) Concurrent Mark
[2022-07-21T21:57:26.433+0530][8.028s] GC(4) Concurrent Mark From Roots
[2022-07-21T21:57:26.433+0530][8.029s] GC(4) Using 1 workers of 1 for marking
[2022-07-21T21:57:26.477+0530][8.073s] GC(4) Concurrent Mark From Roots 44.234ms
[2022-07-21T21:57:26.477+0530][8.073s] GC(4) Concurrent Preclean
[2022-07-21T21:57:26.477+0530][8.073s] GC(4) Concurrent Preclean 0.219ms
[2022-07-21T21:57:26.477+0530][8.073s] GC(4) Pause Remark
[2022-07-21T21:57:26.480+0530][8.076s] GC(4) Pause Remark 25M->25M(512M) 2.910ms
[2022-07-21T21:57:26.480+0530][8.076s] GC(4) User=0.00s Sys=0.00s Real=0.00s
[2022-07-21T21:57:26.481+0530][8.076s] GC(4) Concurrent Mark 47.775ms
[2022-07-21T21:57:26.481+0530][8.076s] GC(4) Concurrent Rebuild Remembered Sets
[2022-07-21T21:57:26.502+0530][8.098s] GC(4) Concurrent Rebuild Remembered Sets 21.231ms
[2022-07-21T21:57:26.502+0530][8.098s] GC(4) Pause Cleanup
[2022-07-21T21:57:26.502+0530][8.098s] GC(4) Pause Cleanup 26M->26M(512M) 0.119ms
[2022-07-21T21:57:26.502+0530][8.098s] GC(4) User=0.00s Sys=0.00s Real=0.00s
[2022-07-21T21:57:26.502+0530][8.098s] GC(4) Concurrent Cleanup for Next Mark
[2022-07-21T21:57:26.503+0530][8.099s] GC(4) Concurrent Cleanup for Next Mark 0.695ms
[2022-07-21T21:57:26.503+0530][8.099s] GC(4) Concurrent Mark Cycle 71.957ms
[2022-07-21T21:57:37.543+0530][19.140s] GC(5) Pause Young (Concurrent Start) (Metadata GC Threshold)
[2022-07-21T21:57:37.543+0530][19.140s] GC(5) Using 4 workers of 4 for evacuation
[2022-07-21T21:57:37.556+0530][19.152s] GC(5)   Pre Evacuate Collection Set: 0.1ms
[2022-07-21T21:57:37.556+0530][19.152s] GC(5)   Merge Heap Roots: 0.1ms
[2022-07-21T21:57:37.556+0530][19.152s] GC(5)   Evacuate Collection Set: 11.4ms
[2022-07-21T21:57:37.556+0530][19.152s] GC(5)   Post Evacuate Collection Set: 0.7ms
[2022-07-21T21:57:37.556+0530][19.152s] GC(5)   Other: 0.4ms
[2022-07-21T21:57:37.556+0530][19.152s] GC(5) Eden regions: 144->0(292)
[2022-07-21T21:57:37.556+0530][19.152s] GC(5) Survivor regions: 6->15(31)
[2022-07-21T21:57:37.556+0530][19.152s] GC(5) Old regions: 15->15
[2022-07-21T21:57:37.556+0530][19.153s] GC(5) Archive regions: 0->0
[2022-07-21T21:57:37.556+0530][19.153s] GC(5) Humongous regions: 4->4
[2022-07-21T21:57:37.557+0530][19.153s] GC(5) Metaspace: 36194K(36480K)->36194K(36480K) NonClass: 32164K(32320K)->32164K(32320K) Class: 4030K(4160K)->4030K(4160K)
[2022-07-21T21:57:37.557+0530][19.153s] GC(5) Pause Young (Concurrent Start) (Metadata GC Threshold) 167M->32M(512M) 13.128ms
[2022-07-21T21:57:37.557+0530][19.153s] GC(5) User=0.00s Sys=0.00s Real=0.01s
[2022-07-21T21:57:37.557+0530][19.153s] GC(6) Concurrent Mark Cycle
[2022-07-21T21:57:37.557+0530][19.153s] GC(6) Concurrent Clear Claimed Marks
[2022-07-21T21:57:37.557+0530][19.153s] GC(6) Concurrent Clear Claimed Marks 0.039ms
[2022-07-21T21:57:37.557+0530][19.153s] GC(6) Concurrent Scan Root Regions
[2022-07-21T21:57:37.566+0530][19.162s] GC(6) Concurrent Scan Root Regions 9.340ms
[2022-07-21T21:57:37.566+0530][19.162s] GC(6) Concurrent Mark
[2022-07-21T21:57:37.566+0530][19.162s] GC(6) Concurrent Mark From Roots
[2022-07-21T21:57:37.566+0530][19.162s] GC(6) Using 1 workers of 1 for marking
[2022-07-21T21:57:37.610+0530][19.206s] GC(6) Concurrent Mark From Roots 43.542ms
[2022-07-21T21:57:37.610+0530][19.206s] GC(6) Concurrent Preclean
[2022-07-21T21:57:37.610+0530][19.206s] GC(6) Concurrent Preclean 0.179ms
[2022-07-21T21:57:37.610+0530][19.206s] GC(6) Pause Remark
[2022-07-21T21:57:37.614+0530][19.210s] GC(6) Pause Remark 35M->35M(512M) 3.505ms
[2022-07-21T21:57:37.614+0530][19.210s] GC(6) User=0.00s Sys=0.00s Real=0.00s
[2022-07-21T21:57:37.615+0530][19.211s] GC(6) Concurrent Mark 48.203ms
[2022-07-21T21:57:37.615+0530][19.211s] GC(6) Concurrent Rebuild Remembered Sets
[2022-07-21T21:57:37.635+0530][19.231s] GC(6) Concurrent Rebuild Remembered Sets 20.574ms
[2022-07-21T21:57:37.635+0530][19.231s] GC(6) Pause Cleanup
[2022-07-21T21:57:37.636+0530][19.231s] GC(6) Pause Cleanup 36M->36M(512M) 0.149ms
[2022-07-21T21:57:37.636+0530][19.231s] GC(6) User=0.00s Sys=0.00s Real=0.00s
[2022-07-21T21:57:37.636+0530][19.232s] GC(6) Concurrent Cleanup for Next Mark
[2022-07-21T21:57:37.636+0530][19.232s] GC(6) Concurrent Cleanup for Next Mark 0.704ms
[2022-07-21T21:57:37.636+0530][19.232s] GC(6) Concurrent Mark Cycle 79.561ms
[2022-07-21T22:21:41.933+0530][1463.529s] Heap
[2022-07-21T22:21:41.933+0530][1463.529s]  garbage-first heap   total 524288K, used 219715K [0x00000000e0000000, 0x0000000100000000)
[2022-07-21T22:21:41.933+0530][1463.529s]   region size 1024K, 196 young (200704K), 15 survivors (15360K)
[2022-07-21T22:21:41.933+0530][1463.529s]  Metaspace       used 54451K, committed 54784K, reserved 1097728K
[2022-07-21T22:21:41.933+0530][1463.529s]   class space    used 6361K, committed 6528K, reserved 1048576K
